Archive member included because of file (symbol)

R:\fehqt\Proteus/EWL/lib/armv7e-m\libc.a(sprintf.o)
                              Libraries\FEHLCD.o (sprintf)
R:\fehqt\Proteus/EWL/lib/armv7e-m\libc.a(vsnprintf.o)
                              R:\fehqt\Proteus/EWL/lib/armv7e-m\libc.a(sprintf.o) (vsnprintf)
R:\fehqt\Proteus/EWL/lib/armv7e-m\libc.a(exit.o)
                              Startup\__arm_start.o (exit)
R:\fehqt\Proteus/EWL/lib/armv7e-m\libc.a(memcpy.o)
                              R:\fehqt\Proteus/EWL/lib/armv7e-m\libc.a(vsnprintf.o) (memcpy)
R:\fehqt\Proteus/EWL/lib/armv7e-m\libc.a(memset.o)
                              Startup\__arm_start.o (memset)
R:\fehqt\Proteus/EWL/lib/armv7e-m\libc.a(printformat_.o)
                              (__pformatter_)
R:\fehqt\Proteus/EWL/lib/armv7e-m\libc.a(scanformat_.o)
                              (__sformatter)
R:\fehqt\Proteus/EWL/lib/armv7e-m\libc.a(ctype_aeabi.o)
                              R:\fehqt\Proteus/EWL/lib/armv7e-m\libc.a(scanformat_.o) (isspace)
R:\fehqt\Proteus/EWL/lib/armv7e-m\libc.a(__strtoul.o)
                              R:\fehqt\Proteus/EWL/lib/armv7e-m\libc.a(scanformat_.o) (__strtoul)
R:\fehqt\Proteus/EWL/lib/armv7e-m\libc.a(__filll_mem.o)
                              R:\fehqt\Proteus/EWL/lib/armv7e-m\libc.a(memset.o) (__fill_mem)
R:\fehqt\Proteus/EWL/lib/armv7e-m\libc.a(memchr.o)
                              R:\fehqt\Proteus/EWL/lib/armv7e-m\libc.a(printformat_.o) (memchr)
R:\fehqt\Proteus/EWL/lib/armv7e-m\libc.a(strchr.o)
                              R:\fehqt\Proteus/EWL/lib/armv7e-m\libc.a(printformat_.o) (strchr)
R:\fehqt\Proteus/EWL/lib/armv7e-m\libc.a(strlen.o)
                              R:\fehqt\Proteus/EWL/lib/armv7e-m\libc.a(printformat_.o) (strlen)
r:/fehqt/proteus/gcc/bin/../lib/gcc/arm-none-eabi/4.6.2/armv7e-m\libgcc.a(_arm_addsubdf3.o)
                              ..\drivefunctions.o (__aeabi_dsub)
r:/fehqt/proteus/gcc/bin/../lib/gcc/arm-none-eabi/4.6.2/armv7e-m\libgcc.a(_arm_muldivdf3.o)
                              ..\drivefunctions.o (__aeabi_dmul)
r:/fehqt/proteus/gcc/bin/../lib/gcc/arm-none-eabi/4.6.2/armv7e-m\libgcc.a(_arm_cmpdf2.o)
                              ..\drivefunctions.o (__aeabi_dcmplt)
r:/fehqt/proteus/gcc/bin/../lib/gcc/arm-none-eabi/4.6.2/armv7e-m\libgcc.a(_arm_fixdfsi.o)
                              ..\drivefunctions.o (__aeabi_d2iz)
r:/fehqt/proteus/gcc/bin/../lib/gcc/arm-none-eabi/4.6.2/armv7e-m\libgcc.a(_arm_fixunsdfsi.o)
                              Libraries\FEHUtility.o (__aeabi_d2uiz)
r:/fehqt/proteus/gcc/bin/../lib/gcc/arm-none-eabi/4.6.2/armv7e-m\libgcc.a(_arm_truncdfsf2.o)
                              ..\otherfunctions.o (__aeabi_d2f)
r:/fehqt/proteus/gcc/bin/../lib/gcc/arm-none-eabi/4.6.2/armv7e-m\libgcc.a(_arm_addsubsf3.o)
                              ..\drivefunctions.o (__aeabi_fsub)
r:/fehqt/proteus/gcc/bin/../lib/gcc/arm-none-eabi/4.6.2/armv7e-m\libgcc.a(_arm_muldivsf3.o)
                              ..\drivefunctions.o (__aeabi_fmul)
r:/fehqt/proteus/gcc/bin/../lib/gcc/arm-none-eabi/4.6.2/armv7e-m\libgcc.a(_arm_cmpsf2.o)
                              Libraries\FEHServo.o (__aeabi_fcmpeq)
r:/fehqt/proteus/gcc/bin/../lib/gcc/arm-none-eabi/4.6.2/armv7e-m\libgcc.a(_arm_fixsfsi.o)
                              ..\drivefunctions.o (__aeabi_f2iz)
r:/fehqt/proteus/gcc/bin/../lib/gcc/arm-none-eabi/4.6.2/armv7e-m\libgcc.a(_arm_fixunssfsi.o)
                              Drivers\mcg.o (__aeabi_f2uiz)
R:\fehqt\Proteus/EWL/lib/armv7e-m\librt.a(gcc_ctor_dtor.o)
                              Startup\__arm_start.o (__init_cpp)
R:\fehqt\Proteus/EWL/lib/armv7e-m\librt.a(ROMCopy.o)
                              Startup\__arm_start.o (__copy_rom_sections_to_ram)
R:\fehqt\Proteus/EWL/lib/armv7e-m\librt.a(__arm_eabi_init.o)
                              R:\fehqt\Proteus/EWL/lib/armv7e-m\libc.a(exit.o) (__destroy_global_chain)
R:\fehqt\Proteus/EWL/lib/armv7e-m\librt.a(New.o)
                              Libraries\FEHIO.o (operator new(unsigned int))
r:/fehqt/proteus/gcc/bin/../lib/gcc/arm-none-eabi/4.6.2/../../../../arm-none-eabi/lib/armv7e-m\libsupc++.a(class_type_info.o)
                              R:\fehqt\Proteus/EWL/lib/armv7e-m\librt.a(New.o) (vtable for __cxxabiv1::__class_type_info)
r:/fehqt/proteus/gcc/bin/../lib/gcc/arm-none-eabi/4.6.2/../../../../arm-none-eabi/lib/armv7e-m\libsupc++.a(eh_alloc.o)
                              R:\fehqt\Proteus/EWL/lib/armv7e-m\librt.a(New.o) (__cxa_allocate_exception)
r:/fehqt/proteus/gcc/bin/../lib/gcc/arm-none-eabi/4.6.2/../../../../arm-none-eabi/lib/armv7e-m\libsupc++.a(eh_arm.o)
                              R:\fehqt\Proteus/EWL/lib/armv7e-m\librt.a(New.o) (__cxa_end_cleanup)
r:/fehqt/proteus/gcc/bin/../lib/gcc/arm-none-eabi/4.6.2/../../../../arm-none-eabi/lib/armv7e-m\libsupc++.a(eh_aux_runtime.o)
[...]
Memory Configuration

Name             Origin             Length             Attributes
m_interrupts     0x0000c000         0x00000400         xr
m_cfmprotrom     0x0000c400         0x00000010         xr
m_text           0x0000c410         0x00073bf0         xr
m_data           0x1fff0400         0x0000fc00         xrw
m_data2          0x20000000         0x00010000         xrw
*default*        0x00000000         0xffffffff

Linker script and memory map

LOAD ..\main.o
LOAD ..\drivefunctions.o
LOAD ..\constants.o
LOAD ..\button.o
LOAD ..\otherfunctions.o
LOAD ..\switch.o
LOAD ..\skid.o
LOAD ..\scoop.o
LOAD ..\pin.o
LOAD ..\charger.o
LOAD Startup\__arm_start.o
LOAD Startup\__arm_end.o
LOAD Startup\kinetis_sysinit.o
LOAD Libraries\FEHMotor.o
LOAD Drivers\mcg.o
LOAD Drivers\uart.o
LOAD Drivers\lptmr.o
LOAD FEHProteus.o
LOAD Drivers\FEHPropeller.o
LOAD Libraries\FEHUtility.o
LOAD Libraries\FEHIO.o
LOAD Drivers\adc16.o
LOAD Libraries\FEHBuzzer.o
LOAD Libraries\FEHServo.o
LOAD Libraries\FEHLCD.o
LOAD Libraries\FEHBattery.o
LOAD Drivers\FEHXBee.o
LOAD Libraries\FEHWONKA.o
                0x00015cb8                __pformatter = __pformatter_
                [0x000160b0]                __sformatter = __sformatter
LOAD R:\fehqt\Proteus/EWL/lib/armv7e-m\libstdc++.a
LOAD R:\fehqt\Proteus/EWL/lib/armv7e-m\libm.a
START GROUP
LOAD R:\fehqt\Proteus/EWL/lib/armv7e-m\libc.a
LOAD R:\fehqt\Proteus/EWL/lib/armv7e-m\libc++.a
LOAD R:\fehqt\Proteus/EWL/lib/armv7e-m\libm.a
LOAD r:/fehqt/proteus/gcc/bin/../lib/gcc/arm-none-eabi/4.6.2/armv7e-m\libgcc.a
LOAD R:\fehqt\Proteus/EWL/lib/armv7e-m\librt.a
LOAD r:/fehqt/proteus/gcc/bin/../lib/gcc/arm-none-eabi/4.6.2/../../../../arm-none-eabi/lib/armv7e-m\libsupc++.a
END GROUP
                0x20000000                _estack = 0x20000000
                0x20000000                __SP_INIT = _estack
                0x00000800                __heap_size = 0x800
                0x00000800                __stack_size = 0x800

.interrupts     0x0000c000      0x1e0
                0x0000c000                __vector_table = .
                0x0000c000                . = ALIGN (0x4)
 *(.vectortable)
 .vectortable   0x0000c000      0x1e0 Startup\kinetis_sysinit.o
                0x0000c1e0                . = ALIGN (0x4)

.cfmprotect     0x0000c400        0x0
                0x0000c400                . = ALIGN (0x4)
 *(.cfmconfig)
                0x0000c400                . = ALIGN (0x4)

.text           0x0000c410     0xc8c8
                0x0000c410                . = ALIGN (0x4)
 *(.text)
 .text          0x0000c410      0x370 r:/fehqt/proteus/gcc/bin/../lib/gcc/arm-none-eabi/4.6.2/armv7e-m\libgcc.a(_arm_addsubdf3.o)
                0x0000c410                __aeabi_drsub
                0x0000c418                __aeabi_dsub
                0x0000c418                __subdf3
                0x0000c41c                __aeabi_dadd
                0x0000c41c                __adddf3
                0x0000c694                __floatunsidf
                0x0000c694                __aeabi_ui2d
                0x0000c6b4                __floatsidf
                0x0000c6b4                __aeabi_i2d
                0x0000c6d8                __aeabi_f2d
                0x0000c6d8                __extendsfdf2
                0x0000c714                __floatundidf
                0x0000c714                __aeabi_ul2d
                0x0000c724                __floatdidf
                0x0000c724                __aeabi_l2d
 .text          0x0000c780      0x424 r:/fehqt/proteus/gcc/bin/../lib/gcc/arm-none-eabi/4.6.2/armv7e-m\libgcc.a(_arm_muldivdf3.o)
                0x0000c780                __aeabi_dmul
                0x0000c780                __muldf3
                0x0000c9d4                __divdf3
                0x0000c9d4                __aeabi_ddiv
 .text          0x0000cba4      0x110 r:/fehqt/proteus/gcc/bin/../lib/gcc/arm-none-eabi/4.6.2/armv7e-m\libgcc.a(_arm_cmpdf2.o)
                0x0000cba4                __gtdf2
                0x0000cba4                __gedf2
                0x0000cbac                __ltdf2
                0x0000cbac                __ledf2
                0x0000cbb4                __nedf2
                0x0000cbb4                __eqdf2
                0x0000cbb4                __cmpdf2
                0x0000cc30                __aeabi_cdrcmple
                0x0000cc40                __aeabi_cdcmpeq
                0x0000cc40                __aeabi_cdcmple
                0x0000cc50                __aeabi_dcmpeq
                0x0000cc64                __aeabi_dcmplt
                0x0000cc78                __aeabi_dcmple
                0x0000cc8c                __aeabi_dcmpge
                0x0000cca0                __aeabi_dcmpgt
 .text          0x0000ccb4       0x50 r:/fehqt/proteus/gcc/bin/../lib/gcc/arm-none-eabi/4.6.2/armv7e-m\libgcc.a(_arm_fixdfsi.o)
                0x0000ccb4                __aeabi_d2iz
                0x0000ccb4                __fixdfsi
 .text          0x0000cd04       0x40 r:/fehqt/proteus/gcc/bin/../lib/gcc/arm-none-eabi/4.6.2/armv7e-m\libgcc.a(_arm_fixunsdfsi.o)
                0x0000cd04                __aeabi_d2uiz
                0x0000cd04                __fixunsdfsi
 .text          0x0000cd44       0xa0 r:/fehqt/proteus/gcc/bin/../lib/gcc/arm-none-eabi/4.6.2/armv7e-m\libgcc.a(_arm_truncdfsf2.o)
                0x0000cd44                __truncdfsf2
                0x0000cd44                __aeabi_d2f
 .text          0x0000cde4      0x21c r:/fehqt/proteus/gcc/bin/../lib/gcc/arm-none-eabi/4.6.2/armv7e-m\libgcc.a(_arm_addsubsf3.o)
                0x0000cde4                __aeabi_frsub
                0x0000cdec                __subsf3
                0x0000cdec                __aeabi_fsub
                0x0000cdf0                __aeabi_fadd
                0x0000cdf0                __addsf3
                0x0000cf50                __aeabi_ui2f
                0x0000cf50                __floatunsisf
                0x0000cf58                __aeabi_i2f
                0x0000cf58                __floatsisf
                0x0000cf74                __aeabi_ul2f
                0x0000cf74                __floatundisf
                0x0000cf84                __aeabi_l2f
                0x0000cf84                __floatdisf
 .text          0x0000d000      0x2a0 r:/fehqt/proteus/gcc/bin/../lib/gcc/arm-none-eabi/4.6.2/armv7e-m\libgcc.a(_arm_muldivsf3.o)
                0x0000d000                __mulsf3
                0x0000d000                __aeabi_fmul
                0x0000d168                __aeabi_fdiv
                0x0000d168                __divsf3
 .text          0x0000d2a0       0xec r:/fehqt/proteus/gcc/bin/../lib/gcc/arm-none-eabi/4.6.2/armv7e-m\libgcc.a(_arm_cmpsf2.o)
                0x0000d2a0                __gesf2
                0x0000d2a0                __gtsf2
                0x0000d2a8                __lesf2
                0x0000d2a8                __ltsf2
                0x0000d2b0                __nesf2
                0x0000d2b0                __eqsf2
                0x0000d2b0                __cmpsf2
                0x0000d310                __aeabi_cfrcmple
                0x0000d318                __aeabi_cfcmpeq
                0x0000d318                __aeabi_cfcmple
                0x0000d328                __aeabi_fcmpeq
                0x0000d33c                __aeabi_fcmplt
                0x0000d350                __aeabi_fcmple
                0x0000d364                __aeabi_fcmpge
                0x0000d378                __aeabi_fcmpgt
 .text          0x0000d38c       0x4c r:/fehqt/proteus/gcc/bin/../lib/gcc/arm-none-eabi/4.6.2/armv7e-m\libgcc.a(_arm_fixsfsi.o)
                0x0000d38c                __aeabi_f2iz
                0x0000d38c                __fixsfsi
 .text          0x0000d3d8      0xb54 r:/fehqt/proteus/gcc/bin/../lib/gcc/arm-none-eabi/4.6.2/armv7e-m\libgcc.a(unwind-arm.o)
                0x0000d680                _Unwind_VRS_Get
                0x0000d6c0                _Unwind_VRS_Set
                0x0000da20                __aeabi_unwind_cpp_pr2
                0x0000da24                __aeabi_unwind_cpp_pr1
                0x0000da28                __aeabi_unwind_cpp_pr0
                0x0000da2c                _Unwind_VRS_Pop
                0x0000dde0                _Unwind_GetCFA
                0x0000dde4                __gnu_Unwind_RaiseException
                0x0000de44                __gnu_Unwind_ForcedUnwind
                0x0000de58                __gnu_Unwind_Resume
                0x0000de94                __gnu_Unwind_Resume_or_Rethrow
                0x0000dea4                _Unwind_Complete
                0x0000dea8                _Unwind_DeleteException
                0x0000deb8                __gnu_Unwind_Backtrace
 .text          0x0000df2c      0x1ac r:/fehqt/proteus/gcc/bin/../lib/gcc/arm-none-eabi/4.6.2/armv7e-m\libgcc.a(libunwind.o)
                0x0000df2c                __restore_core_regs
                0x0000df2c                restore_core_regs
                0x0000df44                __gnu_Unwind_Restore_VFP
                0x0000df4c                __gnu_Unwind_Save_VFP
                0x0000df54                __gnu_Unwind_Restore_VFP_D
                0x0000df5c                __gnu_Unwind_Save_VFP_D
                0x0000df64                __gnu_Unwind_Restore_VFP_D_16_to_31
                0x0000df6c                __gnu_Unwind_Save_VFP_D_16_to_31
                0x0000df74                __gnu_Unwind_Restore_WMMXD
                0x0000dfb8                __gnu_Unwind_Save_WMMXD
                0x0000dffc                __gnu_Unwind_Restore_WMMXC
                0x0000e010                __gnu_Unwind_Save_WMMXC
                0x0000e024                ___Unwind_RaiseException
                0x0000e024                _Unwind_RaiseException
                0x0000e048                _Unwind_Resume
                0x0000e048                ___Unwind_Resume
                0x0000e06c                _Unwind_Resume_or_Rethrow
                0x0000e06c                ___Unwind_Resume_or_Rethrow
                0x0000e090                _Unwind_ForcedUnwind
                0x0000e090                ___Unwind_ForcedUnwind
                0x0000e0b4                ___Unwind_Backtrace
                0x0000e0b4                _Unwind_Backtrace
 .text          0x0000e0d8      0x374 r:/fehqt/proteus/gcc/bin/../lib/gcc/arm-none-eabi/4.6.2/armv7e-m\libgcc.a(pr-support.o)
                0x0000e12c                __gnu_unwind_execute
                0x0000e3f4                __gnu_unwind_frame
                0x0000e41c                _Unwind_GetRegionStart
                0x0000e428                _Unwind_GetLanguageSpecificData
                0x0000e43c                _Unwind_GetDataRelBase
                0x0000e444                _Unwind_GetTextRelBase
 *(.text*)
 .text.main     0x0000e44c      0x1cc ..\main.o
                0x0000e44c                main
 .text._ZSt3absf
                0x0000e618       0x1c ..\drivefunctions.o
                0x0000e618                std::abs(float)
 *fill*         0x0000e634        0x4 00
 .text._Z5driveffbb
                0x0000e638      0x398 ..\drivefunctions.o
                0x0000e638                drive(float, float, bool, bool)
 .text._Z17driveAndReadLightffb
                0x0000e9d0      0x268 ..\drivefunctions.o
                0x0000e9d0                driveAndReadLight(float, float, bool)
 .text._Z21driveUntilSwitchPressfif
                0x0000ec38      0x190 ..\drivefunctions.o
                0x0000ec38                driveUntilSwitchPress(float, int, float)
 .text._Z20driveToRPSCoordinateffbb
                0x0000edc8      0x1d0 ..\drivefunctions.o
                0x0000edc8                driveToRPSCoordinate(float, float, bool, bool)
 .text._Z22drivePastRPSCoordinateffbb
                0x0000ef98      0x1bc ..\drivefunctions.o
                0x0000ef98                drivePastRPSCoordinate(float, float, bool, bool)
 *fill*         0x0000f154        0x4 00
 .text._Z4turnbfib
                0x0000f158      0x1f0 ..\drivefunctions.o
                0x0000f158                turn(bool, float, int, bool)
 .text._Z16turnToRPSHeadingifibf
                0x0000f348      0x1c0 ..\drivefunctions.o
                0x0000f348                turnToRPSHeading(int, float, int, bool, float)
 .text._Z19turnUntilRPSHeadingif
                0x0000f508       0xec ..\drivefunctions.o
                0x0000f508                turnUntilRPSHeading(int, float)
 *fill*         0x0000f5f4        0x4 00
 .text._Z19turnUntilSwitchFlipfbf
                0x0000f5f8      0x228 ..\drivefunctions.o
                0x0000f5f8                turnUntilSwitchFlip(float, bool, float)
 .text._Z41__static_initialization_and_destruction_0ii
                0x0000f820      0x170 ..\constants.o
 .text._GLOBAL__sub_I_yellowLeft
                0x0000f990       0x14 ..\constants.o
 .text._ZN6Button3RunEv
                0x0000f9a4      0x17c ..\button.o
                0x0000f9a4                Button::Run()
 .text._Z17waitForStartLightv
                0x0000fb20       0x98 ..\otherfunctions.o
                0x0000fb20                waitForStartLight()
 .text._Z17calibrateEncodersv
                0x0000fbb8      0x740 ..\otherfunctions.o
                0x0000fbb8                calibrateEncoders()
 .text._Z12calibrateRPSv
                0x000102f8      0x140 ..\otherfunctions.o
                0x000102f8                calibrateRPS()
 .text._Z12dropOffScoopv
                0x00010438       0x34 ..\otherfunctions.o
                0x00010438                dropOffScoop()
 .text._ZN6Switch3RunEv
                0x0001046c      0x114 ..\switch.o
                0x0001046c                Switch::Run()
 .text._ZN4Skid3RunEv
                0x00010580      0x2cc ..\skid.o
                0x00010580                Skid::Run()
 .text._ZN5Scoop3RunEi
                0x0001084c      0x154 ..\scoop.o
                0x0001084c                Scoop::Run(int)
 .text._ZN3Pin3RunEv
                0x000109a0      0x160 ..\pin.o
                0x000109a0                Pin::Run()
 .text._ZN7Charger3RunEv
                0x00010b00       0x8c ..\charger.o
                0x00010b00                Charger::Run()
 .text.zero_fill_bss
                0x00010b8c       0x34 Startup\__arm_start.o
 .text.__thumb_startup
                0x00010bc0       0x34 Startup\__arm_start.o
                0x00010bc0                __thumb_startup
 .text.InitFEHProteus
                0x00010bf4      0x15c Startup\__arm_start.o
                0x00010bf4                InitFEHProteus
 .text.pll_init_bl
                0x00010d50      0x130 Startup\__arm_start.o
 .text.InitPowerButton
                0x00010e80       0x90 Startup\__arm_start.o
                0x00010e80                InitPowerButton
 .text._ExitProcess
                0x00010f10        0xc Startup\__arm_end.o
                0x00010f10                _ExitProcess
 .text.Default_Handler
                0x00010f1c        0xc Startup\kinetis_sysinit.o
                0x00010f1c                BusFault_Handler()
                0x00010f1c                HardFault_Handler()
                0x00010f1c                SysTick_Handler()
                0x00010f1c                PendSV_Handler()
                0x00010f1c                DebugMonitor_Handler()
                0x00010f1c                MemManage_Handler()
                0x00010f1c                NMI_Handler()
                0x00010f1c                SVC_Handler()
                0x00010f1c                Default_Handler
                0x00010f1c                UsageFault_Handler()
 .text.__init_hardware
                0x00010f28       0x44 Startup\kinetis_sysinit.o
                0x00010f28                __init_hardware
 .text._Z8PortDISRv
                0x00010f6c       0x5c Startup\kinetis_sysinit.o
                0x00010f6c                PortDISR()
 .text._ZN8FEHMotorC2ENS_12FEHMotorPortE
                0x00010fc8       0x28 Libraries\FEHMotor.o
                0x00010fc8                FEHMotor::FEHMotor(FEHMotor::FEHMotorPort)
                0x00010fc8                FEHMotor::FEHMotor(FEHMotor::FEHMotorPort)
 .text._ZN8FEHMotor4StopEv
                0x00010ff0       0x3c Libraries\FEHMotor.o
                0x00010ff0                FEHMotor::Stop()
 .text._ZN8FEHMotor8SetPowerEi
                0x0001102c       0x60 Libraries\FEHMotor.o
                0x0001102c                FEHMotor::SetPower(int)
 .text._Z9uart_initPV11UART_MemMapii
                0x0001108c      0x20c Drivers\uart.o
                0x0001108c                uart_init(UART_MemMap volatile*, int, int)
 .text._Z12uart_getcharPV11UART_MemMap
                0x00011298       0x34 Drivers\uart.o
                0x00011298                uart_getchar(UART_MemMap volatile*)
 .text._Z12uart_putcharPV11UART_MemMapc
                0x000112cc       0x38 Drivers\uart.o
                0x000112cc                uart_putchar(UART_MemMap volatile*, char)
 .text._Z13time_delay_msm
                0x00011304       0xa4 Drivers\lptmr.o
                0x00011304                time_delay_ms(unsigned long)
 .text._Z41__static_initialization_and_destruction_0ii
                0x000113a8       0x30 FEHProteus.o
 .text._GLOBAL__sub_I_Propeller
                0x000113d8       0x14 FEHProteus.o
 .text._ZN12FEHPropellerC2Ev
                0x000113ec       0x20 Drivers\FEHPropeller.o
                0x000113ec                FEHPropeller::FEHPropeller()
                0x000113ec                FEHPropeller::FEHPropeller()
 .text._ZN12FEHPropeller10InitializeEv
                0x0001140c       0x94 Drivers\FEHPropeller.o
                0x0001140c                FEHPropeller::Initialize()
 .text._ZN12FEHPropeller12SetMotorRateEhhh
                0x000114a0       0x78 Drivers\FEHPropeller.o
                0x000114a0                FEHPropeller::SetMotorRate(unsigned char, unsigned char, unsigned char)
 .text._ZL5Delaymjj
                0x00011518       0xc4 Libraries\FEHUtility.o
 .text._Z5Sleepi
                0x000115dc       0x34 Libraries\FEHUtility.o
                0x000115dc                Sleep(int)
 .text._Z7TimeNowv
                0x00011610       0x70 Libraries\FEHUtility.o
                0x00011610                TimeNow()
 .text._Z11TimeNowMSecv
                0x00011680       0x44 Libraries\FEHUtility.o
                0x00011680                TimeNowMSec()
 .text._ZN15DigitalInputPinC2EN5FEHIO8FEHIOPinE
                0x000116c4       0x24 Libraries\FEHIO.o
                0x000116c4                DigitalInputPin::DigitalInputPin(FEHIO::FEHIOPin)
                0x000116c4                DigitalInputPin::DigitalInputPin(FEHIO::FEHIOPin)
 .text._ZN15DigitalInputPinC2Ev
                0x000116e8       0x18 Libraries\FEHIO.o
                0x000116e8                DigitalInputPin::DigitalInputPin()
                0x000116e8                DigitalInputPin::DigitalInputPin()
 .text._ZN15DigitalInputPin10InitializeEN5FEHIO8FEHIOPinE
                0x00011700      0x224 Libraries\FEHIO.o
                0x00011700                DigitalInputPin::Initialize(FEHIO::FEHIOPin)
 .text._ZN15DigitalInputPin5ValueEv
                0x00011924      0x148 Libraries\FEHIO.o
                0x00011924                DigitalInputPin::Value()
 .text._ZN14AnalogInputPinC2EN5FEHIO8FEHIOPinE
                0x00011a6c       0x20 Libraries\FEHIO.o
                0x00011a6c                AnalogInputPin::AnalogInputPin(FEHIO::FEHIOPin)
                0x00011a6c                AnalogInputPin::AnalogInputPin(FEHIO::FEHIOPin)
 *fill*         0x00011a8c        0x4 00
 .text._ZN14AnalogInputPin5ValueEv
                0x00011a90      0x1c0 Libraries\FEHIO.o
                0x00011a90                AnalogInputPin::Value()
 .text._ZN10FEHEncoder12EncoderValueEv
                0x00011c50       0xe4 Libraries\FEHIO.o
                0x00011c50                FEHEncoder::EncoderValue()
 .text._ZN14AnalogInputPin8InitADCsEv
                0x00011d34      0x120 Libraries\FEHIO.o
                0x00011d34                AnalogInputPin::InitADCs()
 .text._Z8pit0_isrv
                0x00011e54       0x34 Libraries\FEHIO.o
                0x00011e54                pit0_isr()
 .text._ZN10FEHEncoder4InitEv
                0x00011e88       0x64 Libraries\FEHIO.o
                0x00011e88                FEHEncoder::Init()
 .text._ZN10FEHEncoder14SetCounterInitEj
                0x00011eec       0x20 Libraries\FEHIO.o
                0x00011eec                FEHEncoder::SetCounterInit(unsigned int)
 .text._ZN10FEHEncoderC2EN5FEHIO8FEHIOPinE
                0x00011f0c      0x194 Libraries\FEHIO.o
                0x00011f0c                FEHEncoder::FEHEncoder(FEHIO::FEHIOPin)
                0x00011f0c                FEHEncoder::FEHEncoder(FEHIO::FEHIOPin)
 .text._ZN10FEHEncoderD2Ev
                0x000120a0       0xb8 Libraries\FEHIO.o
                0x000120a0                FEHEncoder::~FEHEncoder()
                0x000120a0                FEHEncoder::~FEHEncoder()
 .text._ZN10FEHEncoder10ProcessIntEv
                0x00012158       0x80 Libraries\FEHIO.o
                0x00012158                FEHEncoder::ProcessInt()
 .text._ZN10FEHEncoder14ProcessIntSelfEv
                0x000121d8       0x80 Libraries\FEHIO.o
                0x000121d8                FEHEncoder::ProcessIntSelf()
 .text._ZN10FEHEncoder6CountsEv
                0x00012258       0x18 Libraries\FEHIO.o
                0x00012258                FEHEncoder::Counts()
 .text._ZN10FEHEncoder11ResetCountsEv
                0x00012270       0x1c Libraries\FEHIO.o
                0x00012270                FEHEncoder::ResetCounts()
 .text._ZN11ButtonBoardC2EN5FEHIO9FEHIOPortE
                0x0001228c      0x10c Libraries\FEHIO.o
                0x0001228c                ButtonBoard::ButtonBoard(FEHIO::FEHIOPort)
                0x0001228c                ButtonBoard::ButtonBoard(FEHIO::FEHIOPort)
 .text._ZN11ButtonBoard11LeftPressedEv
                0x00012398       0x24 Libraries\FEHIO.o
                0x00012398                ButtonBoard::LeftPressed()
 .text._ZN11ButtonBoard12LeftReleasedEv
                0x000123bc       0x1c Libraries\FEHIO.o
                0x000123bc                ButtonBoard::LeftReleased()
 .text._ZN11ButtonBoard13MiddlePressedEv
                0x000123d8       0x28 Libraries\FEHIO.o
                0x000123d8                ButtonBoard::MiddlePressed()
 .text._ZN11ButtonBoard14MiddleReleasedEv
                0x00012400       0x20 Libraries\FEHIO.o
                0x00012400                ButtonBoard::MiddleReleased()
 .text._ZN11ButtonBoard12RightPressedEv
                0x00012420       0x28 Libraries\FEHIO.o
                0x00012420                ButtonBoard::RightPressed()
 .text._ZN11ButtonBoard13RightReleasedEv
                0x00012448       0x20 Libraries\FEHIO.o
                0x00012448                ButtonBoard::RightReleased()
 .text._Z7ADC_CalPV10ADC_MemMap
                0x00012468      0x14c Drivers\adc16.o
                0x00012468                ADC_Cal(ADC_MemMap volatile*)
 .text._Z14ADC_Config_AltPV10ADC_MemMapP7adc_cfg
                0x000125b4       0x6c Drivers\adc16.o
                0x000125b4                ADC_Config_Alt(ADC_MemMap volatile*, adc_cfg*)
 .text._ZN9FEHBuzzerC2Ev
                0x00012620       0x18 Libraries\FEHBuzzer.o
                0x00012620                FEHBuzzer::FEHBuzzer()
                0x00012620                FEHBuzzer::FEHBuzzer()
 .text._Z41__static_initialization_and_destruction_0ii
                0x00012638       0x30 Libraries\FEHBuzzer.o
 .text._GLOBAL__sub_I_Buzzer
                0x00012668       0x14 Libraries\FEHBuzzer.o
 .text._ZN8FEHServoC2ENS_12FEHServoPortE
                0x0001267c       0x3c Libraries\FEHServo.o
                0x0001267c                FEHServo::FEHServo(FEHServo::FEHServoPort)
                0x0001267c                FEHServo::FEHServo(FEHServo::FEHServoPort)
 .text._ZN8FEHServo9SetDegreeEf
                0x000126b8      0x148 Libraries\FEHServo.o
                0x000126b8                FEHServo::SetDegree(float)
 .text._ZN8FEHServo9DigitalOnEv
                0x00012800       0x64 Libraries\FEHServo.o
                0x00012800                FEHServo::DigitalOn()
 .text._ZN6FEHLCD11_InitializeEv
                0x00012864      0x5c0 Libraries\FEHLCD.o
                0x00012864                FEHLCD::_Initialize()
 .text._ZN6FEHLCDC2Ev
                0x00012e24       0x64 Libraries\FEHLCD.o
                0x00012e24                FEHLCD::FEHLCD()
                0x00012e24                FEHLCD::FEHLCD()
 .text._ZN6FEHLCD10InitializeEv
                0x00012e88       0x38 Libraries\FEHLCD.o
                0x00012e88                FEHLCD::Initialize()
 .text._ZN6FEHLCD10PrintImageEii
                0x00012ec0       0xf4 Libraries\FEHLCD.o
                0x00012ec0                FEHLCD::PrintImage(int, int)
 .text._ZN6FEHLCD22ConvertFEHColorTo24BitENS_11FEHLCDColorE
                0x00012fb4       0x80 Libraries\FEHLCD.o
                0x00012fb4                FEHLCD::ConvertFEHColorTo24Bit(FEHLCD::FEHLCDColor)
 .text._ZN6FEHLCD24Convert24BitColorTo16BitEj
                0x00013034       0x40 Libraries\FEHLCD.o
                0x00013034                FEHLCD::Convert24BitColorTo16Bit(unsigned int)
 .text._ZN6FEHLCD22ConvertRGBColorTo16BitEhhh
                0x00013074       0x44 Libraries\FEHLCD.o
                0x00013074                FEHLCD::ConvertRGBColorTo16Bit(unsigned char, unsigned char, unsigned char)
 .text._ZN6FEHLCD5ClearENS_11FEHLCDColorE
                0x000130b8       0x28 Libraries\FEHLCD.o
                0x000130b8                FEHLCD::Clear(FEHLCD::FEHLCDColor)
 .text._ZN6FEHLCD5ClearEj
                0x000130e0       0x2c Libraries\FEHLCD.o
                0x000130e0                FEHLCD::Clear(unsigned int)
 .text._ZN6FEHLCD5ClearEv
                0x0001310c       0x18 Libraries\FEHLCD.o
                0x0001310c                FEHLCD::Clear()
 .text._ZN6FEHLCD18SetBackgroundColorENS_11FEHLCDColorE
                0x00013124       0x28 Libraries\FEHLCD.o
                0x00013124                FEHLCD::SetBackgroundColor(FEHLCD::FEHLCDColor)
 .text._ZN6FEHLCD18SetBackgroundColorEj
                0x0001314c       0x28 Libraries\FEHLCD.o
                0x0001314c                FEHLCD::SetBackgroundColor(unsigned int)
 .text._ZN6FEHLCD12SetFontColorENS_11FEHLCDColorE
                0x00013174       0x28 Libraries\FEHLCD.o
                0x00013174                FEHLCD::SetFontColor(FEHLCD::FEHLCDColor)
 .text._ZN6FEHLCD12SetFontColorEj
                0x0001319c       0x28 Libraries\FEHLCD.o
                0x0001319c                FEHLCD::SetFontColor(unsigned int)
 .text._ZN6FEHLCD7WriteAtEPKcii
                0x000131c4       0x58 Libraries\FEHLCD.o
                0x000131c4                FEHLCD::WriteAt(char const*, int, int)
 .text._ZN6FEHLCD5WriteEPKc
                0x0001321c       0x5c Libraries\FEHLCD.o
                0x0001321c                FEHLCD::Write(char const*)
 .text._ZN6FEHLCD5WriteEi
                0x00013278       0x34 Libraries\FEHLCD.o
                0x00013278                FEHLCD::Write(int)
 .text._ZN6FEHLCD5WriteEf
                0x000132ac       0xdc Libraries\FEHLCD.o
                0x000132ac                FEHLCD::Write(float)
 .text._ZN6FEHLCD5WriteEd
                0x00013388       0x28 Libraries\FEHLCD.o
                0x00013388                FEHLCD::Write(double)
 .text._ZN6FEHLCD5WriteEc
                0x000133b0       0x30 Libraries\FEHLCD.o
                0x000133b0                FEHLCD::Write(char)
 .text._ZN6FEHLCD9WriteLineEPKc
                0x000133e0       0x28 Libraries\FEHLCD.o
                0x000133e0                FEHLCD::WriteLine(char const*)
 .text._ZN6FEHLCD9WriteLineEi
                0x00013408       0x28 Libraries\FEHLCD.o
                0x00013408                FEHLCD::WriteLine(int)
 .text._ZN6FEHLCD9WriteLineEf
                0x00013430       0x28 Libraries\FEHLCD.o
                0x00013430                FEHLCD::WriteLine(float)
 .text._ZN6FEHLCD9WriteLineEd
                0x00013458       0x2c Libraries\FEHLCD.o
                0x00013458                FEHLCD::WriteLine(double)
 .text._ZN6FEHLCD9WriteLineEc
                0x00013484       0x2c Libraries\FEHLCD.o
                0x00013484                FEHLCD::WriteLine(char)
 .text._ZN6FEHLCD10WriteIndexEh
                0x000134b0      0x288 Libraries\FEHLCD.o
                0x000134b0                FEHLCD::WriteIndex(unsigned char)
 .text._ZN6FEHLCD14WriteParameterEh
                0x00013738      0x254 Libraries\FEHLCD.o
                0x00013738                FEHLCD::WriteParameter(unsigned char)
 .text._ZN6FEHLCD6_ClearEv
                0x0001398c      0x228 Libraries\FEHLCD.o
                0x0001398c                FEHLCD::_Clear()
 .text._ZN6FEHLCD8NextLineEv
                0x00013bb4       0x30 Libraries\FEHLCD.o
                0x00013bb4                FEHLCD::NextLine()
 .text._ZN6FEHLCD9CheckLineEv
                0x00013be4       0x2c Libraries\FEHLCD.o
                0x00013be4                FEHLCD::CheckLine()
 .text._ZN6FEHLCD8NextCharEv
                0x00013c10       0x34 Libraries\FEHLCD.o
                0x00013c10                FEHLCD::NextChar()
 .text._ZN6FEHLCD13SetDrawRegionEiiii
                0x00013c44      0x10c Libraries\FEHLCD.o
                0x00013c44                FEHLCD::SetDrawRegion(int, int, int, int)
 .text._ZN6FEHLCD9WriteCharEiic
                0x00013d50       0x40 Libraries\FEHLCD.o
                0x00013d50                FEHLCD::WriteChar(int, int, char)
 .text._ZN6FEHLCD11WriteCharAtEiic
                0x00013d90      0x278 Libraries\FEHLCD.o
                0x00013d90                FEHLCD::WriteCharAt(int, int, char)
 .text._ZN6FEHLCD11RepeatColorEv
                0x00014008       0xbc Libraries\FEHLCD.o
                0x00014008                FEHLCD::RepeatColor()
 .text._ZN6FEHLCD10_ForePixelEv
                0x000140c4      0x160 Libraries\FEHLCD.o
                0x000140c4                FEHLCD::_ForePixel()
 .text._ZN6FEHLCD10_BackPixelEv
                0x00014224      0x160 Libraries\FEHLCD.o
                0x00014224                FEHLCD::_BackPixel()
 .text._ZN6FEHLCD22SetRegisterColorValuesEv
                0x00014384      0x4c0 Libraries\FEHLCD.o
                0x00014384                FEHLCD::SetRegisterColorValues()
 .text._Z41__static_initialization_and_destruction_0ii
                0x00014844       0x30 Libraries\FEHLCD.o
 .text._GLOBAL__sub_I_image
                0x00014874       0x14 Libraries\FEHLCD.o
 .text._ZN10FEHBatteryC2EN5FEHIO8FEHIOPinE
                0x00014888       0x24 Libraries\FEHBattery.o
                0x00014888                FEHBattery::FEHBattery(FEHIO::FEHIOPin)
                0x00014888                FEHBattery::FEHBattery(FEHIO::FEHIOPin)
 .text._Z41__static_initialization_and_destruction_0ii
                0x000148ac       0x34 Libraries\FEHBattery.o
 .text._GLOBAL__sub_I_Battery
                0x000148e0       0x14 Libraries\FEHBattery.o
 .text._ZN7FEHXBeeC2Ev
                0x000148f4       0x20 Drivers\FEHXBee.o
                0x000148f4                FEHXBee::FEHXBee()
                0x000148f4                FEHXBee::FEHXBee()
 .text._ZN7FEHXBee10InitializeEv
                0x00014914      0x148 Drivers\FEHXBee.o
                0x00014914                FEHXBee::Initialize()
 .text._ZN7FEHXBee13IsInitializedEv
                0x00014a5c       0x18 Drivers\FEHXBee.o
                0x00014a5c                FEHXBee::IsInitialized()
 .text._ZN7FEHXBee17ReceiveDataSearchEPcjh
                0x00014a74       0xb4 Drivers\FEHXBee.o
                0x00014a74                FEHXBee::ReceiveDataSearch(char*, unsigned int, unsigned char)
 .text._ZN7FEHXBee8SendDataEPcj
                0x00014b28       0x50 Drivers\FEHXBee.o
                0x00014b28                FEHXBee::SendData(char*, unsigned int)
 .text._ZN7FEHXBee17SetPacketCallBackEPFvPhhE
                0x00014b78       0x20 Drivers\FEHXBee.o
                0x00014b78                FEHXBee::SetPacketCallBack(void (*)(unsigned char*, unsigned char))
 .text._Z9UART0_ISRv
                0x00014b98      0x174 Drivers\FEHXBee.o
                0x00014b98                UART0_ISR()
 .text._ZN8FEHWONKAC2Ev
                0x00014d0c       0x88 Libraries\FEHWONKA.o
                0x00014d0c                FEHWONKA::FEHWONKA()
                0x00014d0c                FEHWONKA::FEHWONKA()
 .text._ZN8FEHWONKA14InitializeMenuEv
                0x00014d94      0x1e8 Libraries\FEHWONKA.o
                0x00014d94                FEHWONKA::InitializeMenu()
 .text._ZN8FEHWONKA10InitializeEi
                0x00014f7c      0x740 Libraries\FEHWONKA.o
                0x00014f7c                FEHWONKA::Initialize(int)
 .text._ZN8FEHWONKA10InitializeEc
                0x000156bc       0x4c Libraries\FEHWONKA.o
                0x000156bc                FEHWONKA::Initialize(char)
 .text._ZN8FEHWONKA6EnableEv
                0x00015708       0x64 Libraries\FEHWONKA.o
                0x00015708                FEHWONKA::Enable()
 .text._ZN8FEHWONKA19CurrentRegionLetterEv
                0x0001576c       0x20 Libraries\FEHWONKA.o
                0x0001576c                FEHWONKA::CurrentRegionLetter()
 .text._ZN8FEHWONKA4OvenEv
                0x0001578c       0x24 Libraries\FEHWONKA.o
                0x0001578c                FEHWONKA::Oven()
 .text._ZN8FEHWONKA11OvenPressedEv
                0x000157b0       0x28 Libraries\FEHWONKA.o
                0x000157b0                FEHWONKA::OvenPressed()
 .text._ZN8FEHWONKA5ChuteEv
                0x000157d8       0x2c Libraries\FEHWONKA.o
                0x000157d8                FEHWONKA::Chute()
 .text._ZN8FEHWONKA13WaitForPacketEv
                0x00015804       0x78 Libraries\FEHWONKA.o
                0x00015804                FEHWONKA::WaitForPacket()
 .text._ZN8FEHWONKA1XEv
                0x0001587c       0x20 Libraries\FEHWONKA.o
                0x0001587c                FEHWONKA::X()
 .text._ZN8FEHWONKA1YEv
                0x0001589c       0x20 Libraries\FEHWONKA.o
                0x0001589c                FEHWONKA::Y()
 .text._ZN8FEHWONKA7HeadingEv
                0x000158bc       0x20 Libraries\FEHWONKA.o
                0x000158bc                FEHWONKA::Heading()
 .text._Z16WONKADataProcessPhh
                0x000158dc      0x124 Libraries\FEHWONKA.o
                0x000158dc                WONKADataProcess(unsigned char*, unsigned char)
 .text._Z41__static_initialization_and_destruction_0ii
                0x00015a00       0x40 Libraries\FEHWONKA.o
 .text._GLOBAL__sub_I_WONKA
                0x00015a40       0x14 Libraries\FEHWONKA.o
 .text.sprintf  0x00015a54       0x1c R:\fehqt\Proteus/EWL/lib/armv7e-m\libc.a(sprintf.o)
                0x00015a54                sprintf
 .text.__StringWrite
                0x00015a70       0x28 R:\fehqt\Proteus/EWL/lib/armv7e-m\libc.a(vsnprintf.o)
                0x00015a70                __StringWrite
 .text.vsnprintf
                0x00015a98       0x34 R:\fehqt\Proteus/EWL/lib/armv7e-m\libc.a(vsnprintf.o)
                0x00015a98                vsnprintf
 .text.exit     0x00015acc       0x38 R:\fehqt\Proteus/EWL/lib/armv7e-m\libc.a(exit.o)
                0x00015acc                exit
 .text.memcpy   0x00015b04       0x12 R:\fehqt\Proteus/EWL/lib/armv7e-m\libc.a(memcpy.o)
                0x00015b04                memcpy
 .text.memset   0x00015b16        0xc R:\fehqt\Proteus/EWL/lib/armv7e-m\libc.a(memset.o)
                0x00015b16                memset
 .text.long2str.isra.0
                0x00015b22      0x196 R:\fehqt\Proteus/EWL/lib/armv7e-m\libc.a(printformat_.o)
 .text.__pformatter_
                0x00015cb8      0x3f8 R:\fehqt\Proteus/EWL/lib/armv7e-m\libc.a(printformat_.o)
                0x00015cb8                __pformatter_
 .text.__sformatter
                0x000160b0      0x74e R:\fehqt\Proteus/EWL/lib/armv7e-m\libc.a(scanformat_.o)
                0x000160b0                __sformatter
 *fill*         0x000167fe        0x2 00
 .text.isalpha  0x00016800       0x1c R:\fehqt\Proteus/EWL/lib/armv7e-m\libc.a(ctype_aeabi.o)
                0x00016800                isalpha
 .text.isspace  0x0001681c       0x1c R:\fehqt\Proteus/EWL/lib/armv7e-m\libc.a(ctype_aeabi.o)
                0x0001681c                isspace
 .text.toupper  0x00016838        0xc R:\fehqt\Proteus/EWL/lib/armv7e-m\libc.a(ctype_aeabi.o)
                0x00016838                toupper
 .text.__strtoul
                0x00016844      0x1dc R:\fehqt\Proteus/EWL/lib/armv7e-m\libc.a(__strtoul.o)
                0x00016844                __strtoul
 .text.__fill_mem
                0x00016a20       0x76 R:\fehqt\Proteus/EWL/lib/armv7e-m\libc.a(__filll_mem.o)
                0x00016a20                __fill_mem
 .text.memchr   0x00016a96       0x1a R:\fehqt\Proteus/EWL/lib/armv7e-m\libc.a(memchr.o)
                0x00016a96                memchr
 .text.strchr   0x00016ab0       0x1c R:\fehqt\Proteus/EWL/lib/armv7e-m\libc.a(strchr.o)
                0x00016ab0                strchr
 .text.strlen   0x00016acc       0x10 R:\fehqt\Proteus/EWL/lib/armv7e-m\libc.a(strlen.o)
                0x00016acc                strlen
 .text.__init_cpp
                0x00016adc       0x4c R:\fehqt\Proteus/EWL/lib/armv7e-m\librt.a(gcc_ctor_dtor.o)
                0x00016adc                __init_cpp
 .text.__fini_cpp
                0x00016b28       0x34 R:\fehqt\Proteus/EWL/lib/armv7e-m\librt.a(gcc_ctor_dtor.o)
                0x00016b28                __fini_cpp
 .text.__copy_rom_section
                0x00016b5c       0x44 R:\fehqt\Proteus/EWL/lib/armv7e-m\librt.a(ROMCopy.o)
                0x00016b5c                __copy_rom_section
 .text.__copy_rom_sections_to_ram
                0x00016ba0       0x34 R:\fehqt\Proteus/EWL/lib/armv7e-m\librt.a(ROMCopy.o)
                0x00016ba0                __copy_rom_sections_to_ram
 .text.__destroy_global_chain
                0x00016bd4       0x1c R:\fehqt\Proteus/EWL/lib/armv7e-m\librt.a(__arm_eabi_init.o)
                0x00016bd4                __destroy_global_chain
 .text.__cxa_atexit
                0x00016bf0       0x38 R:\fehqt\Proteus/EWL/lib/armv7e-m\librt.a(__arm_eabi_init.o)
                0x00016bf0                __cxa_atexit
 .text.__aeabi_atexit
                0x00016c28        0xa R:\fehqt\Proteus/EWL/lib/armv7e-m\librt.a(__arm_eabi_init.o)
                0x00016c28                __aeabi_atexit
 *fill*         0x00016c32        0x2 00
 .text.__init_registers
                0x00016c34       0x20 R:\fehqt\Proteus/EWL/lib/armv7e-m\librt.a(__arm_eabi_init.o)
                0x00016c34                __init_registers
 .text.__init_user
                0x00016c54        0x4 R:\fehqt\Proteus/EWL/lib/armv7e-m\librt.a(__arm_eabi_init.o)
                0x00016c54                __init_user
 .text._ZNSt9bad_allocD2Ev
                0x00016c58        0xc R:\fehqt\Proteus/EWL/lib/armv7e-m\librt.a(New.o)
                0x00016c58                std::bad_alloc::~bad_alloc()
                0x00016c58                std::bad_alloc::~bad_alloc()
 .text._ZNKSt9bad_alloc4whatEv
                0x00016c64        0x8 R:\fehqt\Proteus/EWL/lib/armv7e-m\librt.a(New.o)
                0x00016c64                std::bad_alloc::what() const
 .text._Znwj    0x00016c6c       0x4c R:\fehqt\Proteus/EWL/lib/armv7e-m\librt.a(New.o)
                0x00016c6c                operator new(unsigned int)
 .text._ZdlPv   0x00016cb8        0x8 R:\fehqt\Proteus/EWL/lib/armv7e-m\librt.a(New.o)
                0x00016cb8                operator delete(void*)
 .text._ZNSt9bad_allocD0Ev
                0x00016cc0       0x14 R:\fehqt\Proteus/EWL/lib/armv7e-m\librt.a(New.o)
                0x00016cc0                std::bad_alloc::~bad_alloc()
 .text._ZNK10__cxxabiv117__class_type_info11__do_upcastEPKS0_PPv
                0x00016cd4       0x38 r:/fehqt/proteus/gcc/bin/../lib/gcc/arm-none-eabi/4.6.2/../../../../arm-none-eabi/lib/armv7e-m\libsupc++.a(class_type_info.o)
                0x00016cd4                __cxxabiv1::__class_type_info::__do_upcast(__cxxabiv1::__class_type_info const*, void**) const
 .text._ZNK10__cxxabiv117__class_type_info20__do_find_public_srcEiPKvPKS0_S2_
                0x00016d0c        0xc r:/fehqt/proteus/gcc/bin/../lib/gcc/arm-none-eabi/4.6.2/../../../../arm-none-eabi/lib/armv7e-m\libsupc++.a(class_type_info.o)
                0x00016d0c                __cxxabiv1::__class_type_info::__do_find_public_src(int, void const*, __cxxabiv1::__class_type_info const*, void const*) const
 .text._ZNK10__cxxabiv117__class_type_info11__do_upcastEPKS0_PKvRNS0_15__upcast_resultE
                0x00016d18       0x1c r:/fehqt/proteus/gcc/bin/../lib/gcc/arm-none-eabi/4.6.2/../../../../arm-none-eabi/lib/armv7e-m\libsupc++.a(class_type_info.o)
                0x00016d18                __cxxabiv1::__class_type_info::__do_upcast(__cxxabiv1::__class_type_info const*, void const*, __cxxabiv1::__class_type_info::__upcast_result&) const
 .text._ZN10__cxxabiv117__class_type_infoD2Ev
                0x00016d34       0x14 r:/fehqt/proteus/gcc/bin/../lib/gcc/arm-none-eabi/4.6.2/../../../../arm-none-eabi/lib/armv7e-m\libsupc++.a(class_type_info.o)
                0x00016d34                __cxxabiv1::__class_type_info::~__class_type_info()
                0x00016d34                __cxxabiv1::__class_type_info::~__class_type_info()
 .text._ZN10__cxxabiv117__class_type_infoD0Ev
                0x00016d48       0x1c r:/fehqt/proteus/gcc/bin/../lib/gcc/arm-none-eabi/4.6.2/../../../../arm-none-eabi/lib/armv7e-m\libsupc++.a(class_type_info.o)
                0x00016d48                __cxxabiv1::__class_type_info::~__class_type_info()
 .text._ZNK10__cxxabiv117__class_type_info12__do_dyncastEiNS0_10__sub_kindEPKS0_PKvS3_S5_RNS0_16__dyncast_resultE
                0x00016d64       0x3c r:/fehqt/proteus/gcc/bin/../lib/gcc/arm-none-eabi/4.6.2/../../../../arm-none-eabi/lib/armv7e-m\libsupc++.a(class_type_info.o)
                0x00016d64                __cxxabiv1::__class_type_info::__do_dyncast(int, __cxxabiv1::__class_type_info::__sub_kind, __cxxabiv1::__class_type_info const*, void const*, __cxxabiv1::__class_type_info const*, void const*, __cxxabiv1::__class_type_info::__dyncast_result&) const
 .text._ZNK10__cxxabiv117__class_type_info10__do_catchEPKSt9type_infoPPvj
                0x00016da0       0x28 r:/fehqt/proteus/gcc/bin/../lib/gcc/arm-none-eabi/4.6.2/../../../../arm-none-eabi/lib/armv7e-m\libsupc++.a(class_type_info.o)
                0x00016da0                __cxxabiv1::__class_type_info::__do_catch(std::type_info const*, void**, unsigned int) const
 .text.__cxa_allocate_exception
                0x00016dc8       0x70 r:/fehqt/proteus/gcc/bin/../lib/gcc/arm-none-eabi/4.6.2/../../../../arm-none-eabi/lib/armv7e-m\libsupc++.a(eh_alloc.o)
                0x00016dc8                __cxa_allocate_exception
 .text.__cxa_free_exception
                0x00016e38       0x34 r:/fehqt/proteus/gcc/bin/../lib/gcc/arm-none-eabi/4.6.2/../../../../arm-none-eabi/lib/armv7e-m\libsupc++.a(eh_alloc.o)
                0x00016e38                __cxa_free_exception
 .text.__cxa_end_cleanup
                0x00016e6c        0xc r:/fehqt/proteus/gcc/bin/../lib/gcc/arm-none-eabi/4.6.2/../../../../arm-none-eabi/lib/armv7e-m\libsupc++.a(eh_arm.o)
                0x00016e6c                __cxa_end_cleanup
 .text.__cxa_type_match
                0x00016e78       0xec r:/fehqt/proteus/gcc/bin/../lib/gcc/arm-none-eabi/4.6.2/../../../../arm-none-eabi/lib/armv7e-m\libsupc++.a(eh_arm.o)
                0x00016e78                __cxa_type_match
 .text.__cxa_begin_cleanup
                0x00016f64       0x78 r:/fehqt/proteus/gcc/bin/../lib/gcc/arm-none-eabi/4.6.2/../../../../arm-none-eabi/lib/armv7e-m\libsupc++.a(eh_arm.o)
                0x00016f64                __cxa_begin_cleanup
 .text.__gnu_end_cleanup
                0x00016fdc       0x7c r:/fehqt/proteus/gcc/bin/../lib/gcc/arm-none-eabi/4.6.2/../../../../arm-none-eabi/lib/armv7e-m\libsupc++.a(eh_arm.o)
                0x00016fdc                __gnu_end_cleanup
 .text.__cxa_bad_typeid
                0x00017058       0x24 r:/fehqt/proteus/gcc/bin/../lib/gcc/arm-none-eabi/4.6.2/../../../../arm-none-eabi/lib/armv7e-m\libsupc++.a(eh_aux_runtime.o)
                0x00017058                __cxa_bad_typeid
 .text.__cxa_call_terminate
                0x0001707c       0x50 r:/fehqt/proteus/gcc/bin/../lib/gcc/arm-none-eabi/4.6.2/../../../../arm-none-eabi/lib/armv7e-m\libsupc++.a(eh_call.o)
                0x0001707c                __cxa_call_terminate
 .text.__cxa_call_unexpected
                0x000170cc      0x120 r:/fehqt/proteus/gcc/bin/../lib/gcc/arm-none-eabi/4.6.2/../../../../arm-none-eabi/lib/armv7e-m\libsupc++.a(eh_call.o)
                0x000170cc                __cxa_call_unexpected
 .text.__cxa_begin_catch
                0x000171ec       0x98 r:/fehqt/proteus/gcc/bin/../lib/gcc/arm-none-eabi/4.6.2/../../../../arm-none-eabi/lib/armv7e-m\libsupc++.a(eh_catch.o)
                0x000171ec                __cxa_begin_catch
 .text.__cxa_end_catch
                0x00017284       0x98 r:/fehqt/proteus/gcc/bin/../lib/gcc/arm-none-eabi/4.6.2/../../../../arm-none-eabi/lib/armv7e-m\libsupc++.a(eh_catch.o)
                0x00017284                __cxa_end_catch
 .text._ZNSt9exceptionD2Ev
                0x0001731c        0xc r:/fehqt/proteus/gcc/bin/../lib/gcc/arm-none-eabi/4.6.2/../../../../arm-none-eabi/lib/armv7e-m\libsupc++.a(eh_exception.o)
                0x0001731c                std::exception::~exception()
                0x0001731c                std::exception::~exception()
 .text._ZNSt13bad_exceptionD2Ev
                0x00017328        0xc r:/fehqt/proteus/gcc/bin/../lib/gcc/arm-none-eabi/4.6.2/../../../../arm-none-eabi/lib/armv7e-m\libsupc++.a(eh_exception.o)
                0x00017328                std::bad_exception::~bad_exception()
                0x00017328                std::bad_exception::~bad_exception()
 .text._ZNKSt9exception4whatEv
                0x00017334        0xc r:/fehqt/proteus/gcc/bin/../lib/gcc/arm-none-eabi/4.6.2/../../../../arm-none-eabi/lib/armv7e-m\libsupc++.a(eh_exception.o)
                0x00017334                std::exception::what() const
 .text._ZNKSt13bad_exception4whatEv
                0x00017340        0xc r:/fehqt/proteus/gcc/bin/../lib/gcc/arm-none-eabi/4.6.2/../../../../arm-none-eabi/lib/armv7e-m\libsupc++.a(eh_exception.o)
                0x00017340                std::bad_exception::what() const
 .text._ZNSt13bad_exceptionD0Ev
                0x0001734c       0x14 r:/fehqt/proteus/gcc/bin/../lib/gcc/arm-none-eabi/4.6.2/../../../../arm-none-eabi/lib/armv7e-m\libsupc++.a(eh_exception.o)
                0x0001734c                std::bad_exception::~bad_exception()
 .text._ZNSt9exceptionD0Ev
                0x00017360       0x14 r:/fehqt/proteus/gcc/bin/../lib/gcc/arm-none-eabi/4.6.2/../../../../arm-none-eabi/lib/armv7e-m\libsupc++.a(eh_exception.o)
                0x00017360                std::exception::~exception()
 .text.__cxa_get_globals_fast
                0x00017374        0xc r:/fehqt/proteus/gcc/bin/../lib/gcc/arm-none-eabi/4.6.2/../../../../arm-none-eabi/lib/armv7e-m\libsupc++.a(eh_globals.o)
                0x00017374                __cxa_get_globals_fast
 .text.__cxa_get_globals
                0x00017380        0xc r:/fehqt/proteus/gcc/bin/../lib/gcc/arm-none-eabi/4.6.2/../../../../arm-none-eabi/lib/armv7e-m\libsupc++.a(eh_globals.o)
                0x00017380                __cxa_get_globals
 .text._ZL12read_sleb128PKhPl
                0x0001738c       0x3c r:/fehqt/proteus/gcc/bin/../lib/gcc/arm-none-eabi/4.6.2/../../../../arm-none-eabi/lib/armv7e-m\libsupc++.a(eh_personality.o)
 .text._ZL28read_encoded_value_with_basehjPKhPj
                0x000173c8       0xa4 r:/fehqt/proteus/gcc/bin/../lib/gcc/arm-none-eabi/4.6.2/../../../../arm-none-eabi/lib/armv7e-m\libsupc++.a(eh_personality.o)
 .text._ZL21base_of_encoded_valuehP15_Unwind_Context
                0x0001746c       0x4c r:/fehqt/proteus/gcc/bin/../lib/gcc/arm-none-eabi/4.6.2/../../../../arm-none-eabi/lib/armv7e-m\libsupc++.a(eh_personality.o)
 .text._ZL17parse_lsda_headerP15_Unwind_ContextPKhP16lsda_header_info.constprop.1
                0x000174b8       0x90 r:/fehqt/proteus/gcc/bin/../lib/gcc/arm-none-eabi/4.6.2/../../../../arm-none-eabi/lib/armv7e-m\libsupc++.a(eh_personality.o)
 .text.__gxx_personality_v0
                0x00017548      0x3bc r:/fehqt/proteus/gcc/bin/../lib/gcc/arm-none-eabi/4.6.2/../../../../arm-none-eabi/lib/armv7e-m\libsupc++.a(eh_personality.o)
                0x00017548                __gxx_personality_v0
 .text._ZN10__cxxabiv111__terminateEPFvvE
                0x00017904       0x28 r:/fehqt/proteus/gcc/bin/../lib/gcc/arm-none-eabi/4.6.2/../../../../arm-none-eabi/lib/armv7e-m\libsupc++.a(eh_terminate.o)
                0x00017904                __cxxabiv1::__terminate(void (*)())
 .text._ZSt9terminatev
                0x0001792c       0x10 r:/fehqt/proteus/gcc/bin/../lib/gcc/arm-none-eabi/4.6.2/../../../../arm-none-eabi/lib/armv7e-m\libsupc++.a(eh_terminate.o)
                0x0001792c                std::terminate()
 .text._ZN10__cxxabiv112__unexpectedEPFvvE
                0x0001793c        0x8 r:/fehqt/proteus/gcc/bin/../lib/gcc/arm-none-eabi/4.6.2/../../../../arm-none-eabi/lib/armv7e-m\libsupc++.a(eh_terminate.o)
                0x0001793c                __cxxabiv1::__unexpected(void (*)())
 .text._ZSt10unexpectedv
                0x00017944       0x14 r:/fehqt/proteus/gcc/bin/../lib/gcc/arm-none-eabi/4.6.2/../../../../arm-none-eabi/lib/armv7e-m\libsupc++.a(eh_terminate.o)
                0x00017944                std::unexpected()
 .text._ZL23__gxx_exception_cleanup19_Unwind_Reason_CodeP21_Unwind_Control_Block
                0x00017958       0x4c r:/fehqt/proteus/gcc/bin/../lib/gcc/arm-none-eabi/4.6.2/../../../../arm-none-eabi/lib/armv7e-m\libsupc++.a(eh_throw.o)
 .text.__cxa_throw
                0x000179a4       0x80 r:/fehqt/proteus/gcc/bin/../lib/gcc/arm-none-eabi/4.6.2/../../../../arm-none-eabi/lib/armv7e-m\libsupc++.a(eh_throw.o)
                0x000179a4                __cxa_throw
 .text.__cxa_rethrow
                0x00017a24       0x78 r:/fehqt/proteus/gcc/bin/../lib/gcc/arm-none-eabi/4.6.2/../../../../arm-none-eabi/lib/armv7e-m\libsupc++.a(eh_throw.o)
                0x00017a24                __cxa_rethrow
 .text._ZN10__cxxabiv123__fundamental_type_infoD2Ev
                0x00017a9c       0x14 r:/fehqt/proteus/gcc/bin/../lib/gcc/arm-none-eabi/4.6.2/../../../../arm-none-eabi/lib/armv7e-m\libsupc++.a(fundamental_type_info.o)
                0x00017a9c                __cxxabiv1::__fundamental_type_info::~__fundamental_type_info()
                0x00017a9c                __cxxabiv1::__fundamental_type_info::~__fundamental_type_info()
 .text._ZN10__cxxabiv123__fundamental_type_infoD0Ev
                0x00017ab0       0x1c r:/fehqt/proteus/gcc/bin/../lib/gcc/arm-none-eabi/4.6.2/../../../../arm-none-eabi/lib/armv7e-m\libsupc++.a(fundamental_type_info.o)
                0x00017ab0                __cxxabiv1::__fundamental_type_info::~__fundamental_type_info()
 .text._ZNK10__cxxabiv119__pointer_type_info14__is_pointer_pEv
                0x00017acc        0x4 r:/fehqt/proteus/gcc/bin/../lib/gcc/arm-none-eabi/4.6.2/../../../../arm-none-eabi/lib/armv7e-m\libsupc++.a(pointer_type_info.o)
                0x00017acc                __cxxabiv1::__pointer_type_info::__is_pointer_p() const
 .text._ZN10__cxxabiv119__pointer_type_infoD2Ev
                0x00017ad0       0x14 r:/fehqt/proteus/gcc/bin/../lib/gcc/arm-none-eabi/4.6.2/../../../../arm-none-eabi/lib/armv7e-m\libsupc++.a(pointer_type_info.o)
                0x00017ad0                __cxxabiv1::__pointer_type_info::~__pointer_type_info()
                0x00017ad0                __cxxabiv1::__pointer_type_info::~__pointer_type_info()
 .text._ZN10__cxxabiv119__pointer_type_infoD0Ev
                0x00017ae4       0x1c r:/fehqt/proteus/gcc/bin/../lib/gcc/arm-none-eabi/4.6.2/../../../../arm-none-eabi/lib/armv7e-m\libsupc++.a(pointer_type_info.o)
                0x00017ae4                __cxxabiv1::__pointer_type_info::~__pointer_type_info()
 .text._ZNK10__cxxabiv119__pointer_type_info15__pointer_catchEPKNS_17__pbase_type_infoEPPvj
                0x00017b00       0x44 r:/fehqt/proteus/gcc/bin/../lib/gcc/arm-none-eabi/4.6.2/../../../../arm-none-eabi/lib/armv7e-m\libsupc++.a(pointer_type_info.o)
                0x00017b00                __cxxabiv1::__pointer_type_info::__pointer_catch(__cxxabiv1::__pbase_type_info const*, void**, unsigned int) const
 .text._ZN10__cxxabiv120__si_class_type_infoD2Ev
                0x00017b44       0x14 r:/fehqt/proteus/gcc/bin/../lib/gcc/arm-none-eabi/4.6.2/../../../../arm-none-eabi/lib/armv7e-m\libsupc++.a(si_class_type_info.o)
                0x00017b44                __cxxabiv1::__si_class_type_info::~__si_class_type_info()
                0x00017b44                __cxxabiv1::__si_class_type_info::~__si_class_type_info()
 .text._ZN10__cxxabiv120__si_class_type_infoD0Ev
                0x00017b58       0x1c r:/fehqt/proteus/gcc/bin/../lib/gcc/arm-none-eabi/4.6.2/../../../../arm-none-eabi/lib/armv7e-m\libsupc++.a(si_class_type_info.o)
                0x00017b58                __cxxabiv1::__si_class_type_info::~__si_class_type_info()
 .text._ZNK10__cxxabiv120__si_class_type_info11__do_upcastEPKNS_17__class_type_infoEPKvRNS1_15__upcast_resultE
                0x00017b74       0x24 r:/fehqt/proteus/gcc/bin/../lib/gcc/arm-none-eabi/4.6.2/../../../../arm-none-eabi/lib/armv7e-m\libsupc++.a(si_class_type_info.o)
                0x00017b74                __cxxabiv1::__si_class_type_info::__do_upcast(__cxxabiv1::__class_type_info const*, void const*, __cxxabiv1::__class_type_info::__upcast_result&) const
 .text._ZNK10__cxxabiv120__si_class_type_info12__do_dyncastEiNS_17__class_type_info10__sub_kindEPKS1_PKvS4_S6_RNS1_16__dyncast_resultE
                0x00017b98       0x94 r:/fehqt/proteus/gcc/bin/../lib/gcc/arm-none-eabi/4.6.2/../../../../arm-none-eabi/lib/armv7e-m\libsupc++.a(si_class_type_info.o)
                0x00017b98                __cxxabiv1::__si_class_type_info::__do_dyncast(int, __cxxabiv1::__class_type_info::__sub_kind, __cxxabiv1::__class_type_info const*, void const*, __cxxabiv1::__class_type_info const*, void const*, __cxxabiv1::__class_type_info::__dyncast_result&) const
 .text._ZNK10__cxxabiv120__si_class_type_info20__do_find_public_srcEiPKvPKNS_17__class_type_infoES2_
                0x00017c2c       0x34 r:/fehqt/proteus/gcc/bin/../lib/gcc/arm-none-eabi/4.6.2/../../../../arm-none-eabi/lib/armv7e-m\libsupc++.a(si_class_type_info.o)
                0x00017c2c                __cxxabiv1::__si_class_type_info::__do_find_public_src(int, void const*, __cxxabiv1::__class_type_info const*, void const*) const
 .text._ZNSt9type_infoD2Ev
                0x00017c60        0xc r:/fehqt/proteus/gcc/bin/../lib/gcc/arm-none-eabi/4.6.2/../../../../arm-none-eabi/lib/armv7e-m\libsupc++.a(tinfo.o)
                0x00017c60                std::type_info::~type_info()
                0x00017c60                std::type_info::~type_info()
 .text._ZNKSt9type_info14__is_pointer_pEv
                0x00017c6c        0x4 r:/fehqt/proteus/gcc/bin/../lib/gcc/arm-none-eabi/4.6.2/../../../../arm-none-eabi/lib/armv7e-m\libsupc++.a(tinfo.o)
                0x00017c6c                std::type_info::__is_pointer_p() const
 .text._ZNKSt9type_info15__is_function_pEv
                0x00017c70        0x4 r:/fehqt/proteus/gcc/bin/../lib/gcc/arm-none-eabi/4.6.2/../../../../arm-none-eabi/lib/armv7e-m\libsupc++.a(tinfo.o)
                0x00017c70                std::type_info::__is_function_p() const
 .text._ZNKSt9type_info11__do_upcastEPKN10__cxxabiv117__class_type_infoEPPv
                0x00017c74        0x4 r:/fehqt/proteus/gcc/bin/../lib/gcc/arm-none-eabi/4.6.2/../../../../arm-none-eabi/lib/armv7e-m\libsupc++.a(tinfo.o)
                0x00017c74                std::type_info::__do_upcast(__cxxabiv1::__class_type_info const*, void**) const
 .text._ZNSt9type_infoD0Ev
                0x00017c78       0x14 r:/fehqt/proteus/gcc/bin/../lib/gcc/arm-none-eabi/4.6.2/../../../../arm-none-eabi/lib/armv7e-m\libsupc++.a(tinfo.o)
                0x00017c78                std::type_info::~type_info()
 .text._ZNKSt9type_infoeqERKS_
                0x00017c8c       0x30 r:/fehqt/proteus/gcc/bin/../lib/gcc/arm-none-eabi/4.6.2/../../../../arm-none-eabi/lib/armv7e-m\libsupc++.a(tinfo.o)
                0x00017c8c                std::type_info::operator==(std::type_info const&) const
 .text._ZNKSt9type_info10__do_catchEPKS_PPvj
                0x00017cbc        0x4 r:/fehqt/proteus/gcc/bin/../lib/gcc/arm-none-eabi/4.6.2/../../../../arm-none-eabi/lib/armv7e-m\libsupc++.a(tinfo.o)
                0x00017cbc                std::type_info::__do_catch(std::type_info const*, void**, unsigned int) const
 .text._ZNKSt10bad_typeid4whatEv
                0x00017cc0        0xc r:/fehqt/proteus/gcc/bin/../lib/gcc/arm-none-eabi/4.6.2/../../../../arm-none-eabi/lib/armv7e-m\libsupc++.a(bad_typeid.o)
                0x00017cc0                std::bad_typeid::what() const
 .text._ZNSt10bad_typeidD2Ev
                0x00017ccc       0x14 r:/fehqt/proteus/gcc/bin/../lib/gcc/arm-none-eabi/4.6.2/../../../../arm-none-eabi/lib/armv7e-m\libsupc++.a(bad_typeid.o)
                0x00017ccc                std::bad_typeid::~bad_typeid()
                0x00017ccc                std::bad_typeid::~bad_typeid()
 .text._ZNSt10bad_typeidD0Ev
                0x00017ce0       0x1c r:/fehqt/proteus/gcc/bin/../lib/gcc/arm-none-eabi/4.6.2/../../../../arm-none-eabi/lib/armv7e-m\libsupc++.a(bad_typeid.o)
                0x00017ce0                std::bad_typeid::~bad_typeid()
 .text._ZNK10__cxxabiv117__pbase_type_info15__pointer_catchEPKS0_PPvj
                0x00017cfc       0x10 r:/fehqt/proteus/gcc/bin/../lib/gcc/arm-none-eabi/4.6.2/../../../../arm-none-eabi/lib/armv7e-m\libsupc++.a(pbase_type_info.o)
                0x00017cfc                __cxxabiv1::__pbase_type_info::__pointer_catch(__cxxabiv1::__pbase_type_info const*, void**, unsigned int) const
 .text._ZN10__cxxabiv117__pbase_type_infoD2Ev
                0x00017d0c       0x14 r:/fehqt/proteus/gcc/bin/../lib/gcc/arm-none-eabi/4.6.2/../../../../arm-none-eabi/lib/armv7e-m\libsupc++.a(pbase_type_info.o)
                0x00017d0c                __cxxabiv1::__pbase_type_info::~__pbase_type_info()
                0x00017d0c                __cxxabiv1::__pbase_type_info::~__pbase_type_info()
 .text._ZN10__cxxabiv117__pbase_type_infoD0Ev
                0x00017d20       0x1c r:/fehqt/proteus/gcc/bin/../lib/gcc/arm-none-eabi/4.6.2/../../../../arm-none-eabi/lib/armv7e-m\libsupc++.a(pbase_type_info.o)
                0x00017d20                __cxxabiv1::__pbase_type_info::~__pbase_type_info()
 .text._ZNK10__cxxabiv117__pbase_type_info10__do_catchEPKSt9type_infoPPvj
                0x00017d3c       0x68 r:/fehqt/proteus/gcc/bin/../lib/gcc/arm-none-eabi/4.6.2/../../../../arm-none-eabi/lib/armv7e-m\libsupc++.a(pbase_type_info.o)
                0x00017d3c                __cxxabiv1::__pbase_type_info::__do_catch(std::type_info const*, void**, unsigned int) const
 .text.abort    0x00017da4       0x24 R:\fehqt\Proteus/EWL/lib/armv7e-m\libc.a(abort.o)
                0x00017da4                abort
 .text.sbrk     0x00017dc8       0x28 R:\fehqt\Proteus/EWL/lib/armv7e-m\libc.a(alloc.o)
                0x00017dc8                sbrk
 .text.malloc   0x00017df0      0x110 R:\fehqt\Proteus/EWL/lib/armv7e-m\libc.a(alloc.o)
                0x00017df0                malloc
 .text.free     0x00017f00       0x10 R:\fehqt\Proteus/EWL/lib/armv7e-m\libc.a(alloc.o)
                0x00017f00                free
 .text.strcmp   0x00017f10       0x18 R:\fehqt\Proteus/EWL/lib/armv7e-m\libc.a(strcmp.o)
                0x00017f10                strcmp
 .text.raise    0x00017f28       0x3c R:\fehqt\Proteus/EWL/lib/armv7e-m\libc.a(raise.o)
                0x00017f28                raise
 *(.rodata)
 .rodata        0x00017f64       0x94 ..\main.o
 .rodata        0x00017ff8      0x15c ..\drivefunctions.o
 .rodata        0x00018154      0x400 ..\otherfunctions.o
 .rodata        0x00018554       0x34 Libraries\FEHLCD.o
 .rodata        0x00018588      0x16c Libraries\FEHWONKA.o
 *(.rodata*)
 .rodata._ZL9GPIOPorts
                0x000186f4       0x20 Libraries\FEHIO.o
 .rodata._ZL10ADCNumbers
                0x00018714       0x24 Libraries\FEHIO.o
 .rodata._ZL14GPIOPinNumbers
                0x00018738       0x80 Libraries\FEHIO.o
 .rodata._ZL16AnalogPinNumbers
                0x000187b8       0x84 Libraries\FEHIO.o
 .rodata.str1.1
                0x00000000        0x0 R:\fehqt\Proteus/EWL/lib/armv7e-m\libc.a(printformat_.o)
                                  0x1 (size before relaxing)
 .rodata.__aeabi_ctype_table_C
                0x0001883c      0x101 R:\fehqt\Proteus/EWL/lib/armv7e-m\libc.a(ctype_aeabi.o)
                0x0001883c                __aeabi_ctype_table_C
 *fill*         0x0001893d        0x3 00
 .rodata._ZTVSt9bad_alloc
                0x00018940       0x18 R:\fehqt\Proteus/EWL/lib/armv7e-m\librt.a(New.o)
                0x00018940                vtable for std::bad_alloc
 .rodata._ZTISt9bad_alloc
                0x00018958        0xc R:\fehqt\Proteus/EWL/lib/armv7e-m\librt.a(New.o)
                0x00018958                typeinfo for std::bad_alloc
 .rodata._ZTSSt9bad_alloc
                0x00018964        0xd R:\fehqt\Proteus/EWL/lib/armv7e-m\librt.a(New.o)
                0x00018964                typeinfo name for std::bad_alloc
 .rodata.str1.1
                0x00018971       0x14 R:\fehqt\Proteus/EWL/lib/armv7e-m\librt.a(New.o)
 *fill*         0x00018985        0x3 00
 .rodata._ZTVN10__cxxabiv117__class_type_infoE
                0x00018988       0x30 r:/fehqt/proteus/gcc/bin/../lib/gcc/arm-none-eabi/4.6.2/../../../../arm-none-eabi/lib/armv7e-m\libsupc++.a(class_type_info.o)
                0x00018988                vtable for __cxxabiv1::__class_type_info
 .rodata._ZTIN10__cxxabiv117__class_type_infoE
                0x000189b8        0xc r:/fehqt/proteus/gcc/bin/../lib/gcc/arm-none-eabi/4.6.2/../../../../arm-none-eabi/lib/armv7e-m\libsupc++.a(class_type_info.o)
                0x000189b8                typeinfo for __cxxabiv1::__class_type_info
 .rodata._ZTSN10__cxxabiv117__class_type_infoE
                0x000189c4       0x24 r:/fehqt/proteus/gcc/bin/../lib/gcc/arm-none-eabi/4.6.2/../../../../arm-none-eabi/lib/armv7e-m\libsupc++.a(class_type_info.o)
                0x000189c4                typeinfo name for __cxxabiv1::__class_type_info
 .rodata._ZTVSt9exception
                0x000189e8       0x18 r:/fehqt/proteus/gcc/bin/../lib/gcc/arm-none-eabi/4.6.2/../../../../arm-none-eabi/lib/armv7e-m\libsupc++.a(eh_exception.o)
                0x000189e8                vtable for std::exception
 .rodata._ZTIN10__cxxabiv115__forced_unwindE
                0x00018a00        0x8 r:/fehqt/proteus/gcc/bin/../lib/gcc/arm-none-eabi/4.6.2/../../../../arm-none-eabi/lib/armv7e-m\libsupc++.a(eh_exception.o)
                0x00018a00                typeinfo for __cxxabiv1::__forced_unwind
 .rodata._ZTISt9exception
                0x00018a08        0x8 r:/fehqt/proteus/gcc/bin/../lib/gcc/arm-none-eabi/4.6.2/../../../../arm-none-eabi/lib/armv7e-m\libsupc++.a(eh_exception.o)
                0x00018a08                typeinfo for std::exception
 .rodata._ZTSSt13bad_exception
                0x00018a10       0x14 r:/fehqt/proteus/gcc/bin/../lib/gcc/arm-none-eabi/4.6.2/../../../../arm-none-eabi/lib/armv7e-m\libsupc++.a(eh_exception.o)
                0x00018a10                typeinfo name for std::bad_exception
 .rodata.str1.4
                0x00018a24       0x23 r:/fehqt/proteus/gcc/bin/../lib/gcc/arm-none-eabi/4.6.2/../../../../arm-none-eabi/lib/armv7e-m\libsupc++.a(eh_exception.o)
                                 0x24 (size before relaxing)
 *fill*         0x00018a47        0x1 00
 .rodata._ZTSN10__cxxabiv119__foreign_exceptionE
                0x00018a48       0x24 r:/fehqt/proteus/gcc/bin/../lib/gcc/arm-none-eabi/4.6.2/../../../../arm-none-eabi/lib/armv7e-m\libsupc++.a(eh_exception.o)
                0x00018a48                typeinfo name for __cxxabiv1::__foreign_exception
 .rodata._ZTIN10__cxxabiv119__foreign_exceptionE
                0x00018a6c        0x8 r:/fehqt/proteus/gcc/bin/../lib/gcc/arm-none-eabi/4.6.2/../../../../arm-none-eabi/lib/armv7e-m\libsupc++.a(eh_exception.o)
                0x00018a6c                typeinfo for __cxxabiv1::__foreign_exception
 *fill*         0x00018a74        0x4 00
 .rodata._ZTVSt13bad_exception
                0x00018a78       0x18 r:/fehqt/proteus/gcc/bin/../lib/gcc/arm-none-eabi/4.6.2/../../../../arm-none-eabi/lib/armv7e-m\libsupc++.a(eh_exception.o)
                0x00018a78                vtable for std::bad_exception
 .rodata._ZTSSt9exception
                0x00018a90       0x10 r:/fehqt/proteus/gcc/bin/../lib/gcc/arm-none-eabi/4.6.2/../../../../arm-none-eabi/lib/armv7e-m\libsupc++.a(eh_exception.o)
                0x00018a90                typeinfo name for std::exception
 .rodata._ZTSN10__cxxabiv115__forced_unwindE
                0x00018aa0       0x20 r:/fehqt/proteus/gcc/bin/../lib/gcc/arm-none-eabi/4.6.2/../../../../arm-none-eabi/lib/armv7e-m\libsupc++.a(eh_exception.o)
                0x00018aa0                typeinfo name for __cxxabiv1::__forced_unwind
 .rodata._ZTISt13bad_exception
                0x00018ac0        0xc r:/fehqt/proteus/gcc/bin/../lib/gcc/arm-none-eabi/4.6.2/../../../../arm-none-eabi/lib/armv7e-m\libsupc++.a(eh_exception.o)
                0x00018ac0                typeinfo for std::bad_exception
 .rodata._ZTIPv
                0x00018acc       0x10 r:/fehqt/proteus/gcc/bin/../lib/gcc/arm-none-eabi/4.6.2/../../../../arm-none-eabi/lib/armv7e-m\libsupc++.a(fundamental_type_info.o)
                0x00018acc                typeinfo for void*
 .rodata._ZTIv  0x00018adc        0x8 r:/fehqt/proteus/gcc/bin/../lib/gcc/arm-none-eabi/4.6.2/../../../../arm-none-eabi/lib/armv7e-m\libsupc++.a(fundamental_type_info.o)
                0x00018adc                typeinfo for void
 .rodata._ZTSPv
                0x00018ae4        0x4 r:/fehqt/proteus/gcc/bin/../lib/gcc/arm-none-eabi/4.6.2/../../../../arm-none-eabi/lib/armv7e-m\libsupc++.a(fundamental_type_info.o)
                0x00018ae4                typeinfo name for void*
 .rodata._ZTSv  0x00018ae8        0x4 r:/fehqt/proteus/gcc/bin/../lib/gcc/arm-none-eabi/4.6.2/../../../../arm-none-eabi/lib/armv7e-m\libsupc++.a(fundamental_type_info.o)
                0x00018ae8                typeinfo name for void
 .rodata._ZTIN10__cxxabiv123__fundamental_type_infoE
                0x00018aec        0xc r:/fehqt/proteus/gcc/bin/../lib/gcc/arm-none-eabi/4.6.2/../../../../arm-none-eabi/lib/armv7e-m\libsupc++.a(fundamental_type_info.o)
                0x00018aec                typeinfo for __cxxabiv1::__fundamental_type_info
 .rodata._ZTSN10__cxxabiv123__fundamental_type_infoE
                0x00018af8       0x28 r:/fehqt/proteus/gcc/bin/../lib/gcc/arm-none-eabi/4.6.2/../../../../arm-none-eabi/lib/armv7e-m\libsupc++.a(fundamental_type_info.o)
                0x00018af8                typeinfo name for __cxxabiv1::__fundamental_type_info
 .rodata._ZTVN10__cxxabiv123__fundamental_type_infoE
                0x00018b20       0x20 r:/fehqt/proteus/gcc/bin/../lib/gcc/arm-none-eabi/4.6.2/../../../../arm-none-eabi/lib/armv7e-m\libsupc++.a(fundamental_type_info.o)
                0x00018b20                vtable for __cxxabiv1::__fundamental_type_info
 .rodata._ZTSN10__cxxabiv119__pointer_type_infoE
                0x00018b40       0x24 r:/fehqt/proteus/gcc/bin/../lib/gcc/arm-none-eabi/4.6.2/../../../../arm-none-eabi/lib/armv7e-m\libsupc++.a(pointer_type_info.o)
                0x00018b40                typeinfo name for __cxxabiv1::__pointer_type_info
 .rodata._ZTIN10__cxxabiv119__pointer_type_infoE
                0x00018b64        0xc r:/fehqt/proteus/gcc/bin/../lib/gcc/arm-none-eabi/4.6.2/../../../../arm-none-eabi/lib/armv7e-m\libsupc++.a(pointer_type_info.o)
                0x00018b64                typeinfo for __cxxabiv1::__pointer_type_info
 .rodata._ZTVN10__cxxabiv119__pointer_type_infoE
                0x00018b70       0x28 r:/fehqt/proteus/gcc/bin/../lib/gcc/arm-none-eabi/4.6.2/../../../../arm-none-eabi/lib/armv7e-m\libsupc++.a(pointer_type_info.o)
                0x00018b70                vtable for __cxxabiv1::__pointer_type_info
 .rodata._ZTVN10__cxxabiv120__si_class_type_infoE
                0x00018b98       0x30 r:/fehqt/proteus/gcc/bin/../lib/gcc/arm-none-eabi/4.6.2/../../../../arm-none-eabi/lib/armv7e-m\libsupc++.a(si_class_type_info.o)
                0x00018b98                vtable for __cxxabiv1::__si_class_type_info
 .rodata._ZTIN10__cxxabiv120__si_class_type_infoE
                0x00018bc8        0xc r:/fehqt/proteus/gcc/bin/../lib/gcc/arm-none-eabi/4.6.2/../../../../arm-none-eabi/lib/armv7e-m\libsupc++.a(si_class_type_info.o)
                0x00018bc8                typeinfo for __cxxabiv1::__si_class_type_info
 .rodata._ZTSN10__cxxabiv120__si_class_type_infoE
                0x00018bd4       0x28 r:/fehqt/proteus/gcc/bin/../lib/gcc/arm-none-eabi/4.6.2/../../../../arm-none-eabi/lib/armv7e-m\libsupc++.a(si_class_type_info.o)
                0x00018bd4                typeinfo name for __cxxabiv1::__si_class_type_info
 .rodata._ZTISt9type_info
                0x00018bfc        0x8 r:/fehqt/proteus/gcc/bin/../lib/gcc/arm-none-eabi/4.6.2/../../../../arm-none-eabi/lib/armv7e-m\libsupc++.a(tinfo.o)
                0x00018bfc                typeinfo for std::type_info
 .rodata._ZTSSt9type_info
                0x00018c04       0x10 r:/fehqt/proteus/gcc/bin/../lib/gcc/arm-none-eabi/4.6.2/../../../../arm-none-eabi/lib/armv7e-m\libsupc++.a(tinfo.o)
                0x00018c04                typeinfo name for std::type_info
 *fill*         0x00018c14        0x4 00
 .rodata._ZTVSt9type_info
                0x00018c18       0x20 r:/fehqt/proteus/gcc/bin/../lib/gcc/arm-none-eabi/4.6.2/../../../../arm-none-eabi/lib/armv7e-m\libsupc++.a(tinfo.o)
                0x00018c18                vtable for std::type_info
 .rodata._ZTVSt10bad_typeid
                0x00018c38       0x18 r:/fehqt/proteus/gcc/bin/../lib/gcc/arm-none-eabi/4.6.2/../../../../arm-none-eabi/lib/armv7e-m\libsupc++.a(bad_typeid.o)
                0x00018c38                vtable for std::bad_typeid
 .rodata._ZTISt10bad_typeid
                0x00018c50        0xc r:/fehqt/proteus/gcc/bin/../lib/gcc/arm-none-eabi/4.6.2/../../../../arm-none-eabi/lib/armv7e-m\libsupc++.a(bad_typeid.o)
                0x00018c50                typeinfo for std::bad_typeid
 .rodata.str1.4
                0x00018c5c       0x10 r:/fehqt/proteus/gcc/bin/../lib/gcc/arm-none-eabi/4.6.2/../../../../arm-none-eabi/lib/armv7e-m\libsupc++.a(bad_typeid.o)
 .rodata._ZTSSt10bad_typeid
                0x00018c6c       0x10 r:/fehqt/proteus/gcc/bin/../lib/gcc/arm-none-eabi/4.6.2/../../../../arm-none-eabi/lib/armv7e-m\libsupc++.a(bad_typeid.o)
                0x00018c6c                typeinfo name for std::bad_typeid
 .rodata._ZTIN10__cxxabiv117__pbase_type_infoE
                0x00018c7c        0xc r:/fehqt/proteus/gcc/bin/../lib/gcc/arm-none-eabi/4.6.2/../../../../arm-none-eabi/lib/armv7e-m\libsupc++.a(pbase_type_info.o)
                0x00018c7c                typeinfo for __cxxabiv1::__pbase_type_info
 .rodata._ZTSN10__cxxabiv117__pbase_type_infoE
                0x00018c88       0x24 r:/fehqt/proteus/gcc/bin/../lib/gcc/arm-none-eabi/4.6.2/../../../../arm-none-eabi/lib/armv7e-m\libsupc++.a(pbase_type_info.o)
                0x00018c88                typeinfo name for __cxxabiv1::__pbase_type_info
 *fill*         0x00018cac        0x4 00
 .rodata._ZTVN10__cxxabiv117__pbase_type_infoE
                0x00018cb0       0x28 r:/fehqt/proteus/gcc/bin/../lib/gcc/arm-none-eabi/4.6.2/../../../../arm-none-eabi/lib/armv7e-m\libsupc++.a(pbase_type_info.o)
                0x00018cb0                vtable for __cxxabiv1::__pbase_type_info
 *(.glue_7)
 .glue_7        0x00000000        0x0 linker stubs
 *(.glue_7t)
 .glue_7t       0x00000000        0x0 linker stubs
 *(.eh_frame)
 *(.init)
 *(.fini)
                0x00018cd8                . = ALIGN (0x4)
                0x00018cd8                _etext = .

.vfp11_veneer   0x00018cd8        0x0
 .vfp11_veneer  0x00000000        0x0 linker stubs

.v4_bx          0x00018cd8        0x0
 .v4_bx         0x00000000        0x0 linker stubs

.ARM.extab      0x00018cd8      0x114
 *(.ARM.extab* .gnu.linkonce.armextab.*)
 .ARM.extab.text._ZNSt9bad_allocD2Ev
                0x00018cd8        0x0 R:\fehqt\Proteus/EWL/lib/armv7e-m\librt.a(New.o)
 .ARM.extab.text._ZNKSt9bad_alloc4whatEv
                0x00018cd8        0x0 R:\fehqt\Proteus/EWL/lib/armv7e-m\librt.a(New.o)
 .ARM.extab.text._Znwj
                0x00018cd8       0x20 R:\fehqt\Proteus/EWL/lib/armv7e-m\librt.a(New.o)
 .ARM.extab.text._ZNSt9bad_allocD0Ev
                0x00018cf8        0x0 R:\fehqt\Proteus/EWL/lib/armv7e-m\librt.a(New.o)
 .ARM.extab.text.__cxa_bad_typeid
                0x00018cf8        0xc r:/fehqt/proteus/gcc/bin/../lib/gcc/arm-none-eabi/4.6.2/../../../../arm-none-eabi/lib/armv7e-m\libsupc++.a(eh_aux_runtime.o)
 .ARM.extab.text.__cxa_call_unexpected
                0x00018d04       0x28 r:/fehqt/proteus/gcc/bin/../lib/gcc/arm-none-eabi/4.6.2/../../../../arm-none-eabi/lib/armv7e-m\libsupc++.a(eh_call.o)
 .ARM.extab.text.__cxa_begin_catch
                0x00018d2c       0x20 r:/fehqt/proteus/gcc/bin/../lib/gcc/arm-none-eabi/4.6.2/../../../../arm-none-eabi/lib/armv7e-m\libsupc++.a(eh_catch.o)
 .ARM.extab.text._ZL21base_of_encoded_valuehP15_Unwind_Context
                0x00018d4c        0xc r:/fehqt/proteus/gcc/bin/../lib/gcc/arm-none-eabi/4.6.2/../../../../arm-none-eabi/lib/armv7e-m\libsupc++.a(eh_personality.o)
 .ARM.extab.text.__gxx_personality_v0
                0x00018d58       0x20 r:/fehqt/proteus/gcc/bin/../lib/gcc/arm-none-eabi/4.6.2/../../../../arm-none-eabi/lib/armv7e-m\libsupc++.a(eh_personality.o)
 .ARM.extab.text._ZN10__cxxabiv111__terminateEPFvvE
                0x00018d78       0x2c r:/fehqt/proteus/gcc/bin/../lib/gcc/arm-none-eabi/4.6.2/../../../../arm-none-eabi/lib/armv7e-m\libsupc++.a(eh_terminate.o)
 .ARM.extab.text._ZN10__cxxabiv112__unexpectedEPFvvE
                0x00018da4        0xc r:/fehqt/proteus/gcc/bin/../lib/gcc/arm-none-eabi/4.6.2/../../../../arm-none-eabi/lib/armv7e-m\libsupc++.a(eh_terminate.o)
 .ARM.extab.text._ZSt10unexpectedv
                0x00018db0        0xc r:/fehqt/proteus/gcc/bin/../lib/gcc/arm-none-eabi/4.6.2/../../../../arm-none-eabi/lib/armv7e-m\libsupc++.a(eh_terminate.o)
 .ARM.extab.text._ZNK10__cxxabiv117__pbase_type_info15__pointer_catchEPKS0_PPvj
                0x00018dbc        0x0 r:/fehqt/proteus/gcc/bin/../lib/gcc/arm-none-eabi/4.6.2/../../../../arm-none-eabi/lib/armv7e-m\libsupc++.a(pbase_type_info.o)
 .ARM.extab     0x00018dbc       0x18 r:/fehqt/proteus/gcc/bin/../lib/gcc/arm-none-eabi/4.6.2/armv7e-m\libgcc.a(unwind-arm.o)
 .ARM.extab     0x00018dd4       0x18 r:/fehqt/proteus/gcc/bin/../lib/gcc/arm-none-eabi/4.6.2/armv7e-m\libgcc.a(pr-support.o)

.ARM            0x00018dec      0x1f0
                0x00018dec                __exidx_start = .
 *(.ARM.exidx*)
 .ARM.exidx.text._ZNSt9bad_allocD2Ev
                0x00018eac        0x0 R:\fehqt\Proteus/EWL/lib/armv7e-m\librt.a(New.o)
                                  0x8 (size before relaxing)
 .ARM.exidx.text._ZNKSt9bad_alloc4whatEv
                0x00018eac        0x0 R:\fehqt\Proteus/EWL/lib/armv7e-m\librt.a(New.o)
                                  0x8 (size before relaxing)
 .ARM.exidx.text._Znwj
                0x00018eac        0x8 R:\fehqt\Proteus/EWL/lib/armv7e-m\librt.a(New.o)
 .ARM.exidx.text._ZdlPv
                0x00018eb4        0x8 R:\fehqt\Proteus/EWL/lib/armv7e-m\librt.a(New.o)
 .ARM.exidx.text._ZNSt9bad_allocD0Ev
                0x00018ebc        0x0 R:\fehqt\Proteus/EWL/lib/armv7e-m\librt.a(New.o)
                                  0x8 (size before relaxing)
 .ARM.exidx.text._ZNK10__cxxabiv117__class_type_info11__do_upcastEPKS0_PPv
                0x00018ebc        0x8 r:/fehqt/proteus/gcc/bin/../lib/gcc/arm-none-eabi/4.6.2/../../../../arm-none-eabi/lib/armv7e-m\libsupc++.a(class_type_info.o)
 .ARM.exidx.text._ZNK10__cxxabiv117__class_type_info20__do_find_public_srcEiPKvPKS0_S2_
                0x00018ec4        0x8 r:/fehqt/proteus/gcc/bin/../lib/gcc/arm-none-eabi/4.6.2/../../../../arm-none-eabi/lib/armv7e-m\libsupc++.a(class_type_info.o)
 .ARM.exidx.text._ZNK10__cxxabiv117__class_type_info11__do_upcastEPKS0_PKvRNS0_15__upcast_resultE
                0x00018ecc        0x8 r:/fehqt/proteus/gcc/bin/../lib/gcc/arm-none-eabi/4.6.2/../../../../arm-none-eabi/lib/armv7e-m\libsupc++.a(class_type_info.o)
 .ARM.exidx.text._ZN10__cxxabiv117__class_type_infoD2Ev
                0x00018ed4        0x8 r:/fehqt/proteus/gcc/bin/../lib/gcc/arm-none-eabi/4.6.2/../../../../arm-none-eabi/lib/armv7e-m\libsupc++.a(class_type_info.o)
 .ARM.exidx.text._ZN10__cxxabiv117__class_type_infoD0Ev
                0x00018edc        0x0 r:/fehqt/proteus/gcc/bin/../lib/gcc/arm-none-eabi/4.6.2/../../../../arm-none-eabi/lib/armv7e-m\libsupc++.a(class_type_info.o)
                                  0x8 (size before relaxing)
 .ARM.exidx.text._ZNK10__cxxabiv117__class_type_info12__do_dyncastEiNS0_10__sub_kindEPKS0_PKvS3_S5_RNS0_16__dyncast_resultE
                0x00018edc        0x8 r:/fehqt/proteus/gcc/bin/../lib/gcc/arm-none-eabi/4.6.2/../../../../arm-none-eabi/lib/armv7e-m\libsupc++.a(class_type_info.o)
 .ARM.exidx.text._ZNK10__cxxabiv117__class_type_info10__do_catchEPKSt9type_infoPPvj
                0x00018ee4        0x8 r:/fehqt/proteus/gcc/bin/../lib/gcc/arm-none-eabi/4.6.2/../../../../arm-none-eabi/lib/armv7e-m\libsupc++.a(class_type_info.o)
 .ARM.exidx.text.__cxa_allocate_exception
                0x00018eec        0x8 r:/fehqt/proteus/gcc/bin/../lib/gcc/arm-none-eabi/4.6.2/../../../../arm-none-eabi/lib/armv7e-m\libsupc++.a(eh_alloc.o)
 .ARM.exidx.text.__cxa_free_exception
                0x00018ef4        0x0 r:/fehqt/proteus/gcc/bin/../lib/gcc/arm-none-eabi/4.6.2/../../../../arm-none-eabi/lib/armv7e-m\libsupc++.a(eh_alloc.o)
                                  0x8 (size before relaxing)
 .ARM.exidx.text.__cxa_type_match
                0x00018ef4        0x8 r:/fehqt/proteus/gcc/bin/../lib/gcc/arm-none-eabi/4.6.2/../../../../arm-none-eabi/lib/armv7e-m\libsupc++.a(eh_arm.o)
 .ARM.exidx.text.__cxa_begin_cleanup
                0x00018efc        0x8 r:/fehqt/proteus/gcc/bin/../lib/gcc/arm-none-eabi/4.6.2/../../../../arm-none-eabi/lib/armv7e-m\libsupc++.a(eh_arm.o)
 .ARM.exidx.text.__gnu_end_cleanup
                0x00018f04        0x0 r:/fehqt/proteus/gcc/bin/../lib/gcc/arm-none-eabi/4.6.2/../../../../arm-none-eabi/lib/armv7e-m\libsupc++.a(eh_arm.o)
                                  0x8 (size before relaxing)
 .ARM.exidx.text.__cxa_bad_typeid
                0x00018f04        0x8 r:/fehqt/proteus/gcc/bin/../lib/gcc/arm-none-eabi/4.6.2/../../../../arm-none-eabi/lib/armv7e-m\libsupc++.a(eh_aux_runtime.o)
 .ARM.exidx.text.__cxa_call_terminate
                0x00018f0c        0x8 r:/fehqt/proteus/gcc/bin/../lib/gcc/arm-none-eabi/4.6.2/../../../../arm-none-eabi/lib/armv7e-m\libsupc++.a(eh_call.o)
 .ARM.exidx.text.__cxa_call_unexpected
                0x00018f14        0x8 r:/fehqt/proteus/gcc/bin/../lib/gcc/arm-none-eabi/4.6.2/../../../../arm-none-eabi/lib/armv7e-m\libsupc++.a(eh_call.o)
 .ARM.exidx.text.__cxa_begin_catch
                0x00018f1c        0x8 r:/fehqt/proteus/gcc/bin/../lib/gcc/arm-none-eabi/4.6.2/../../../../arm-none-eabi/lib/armv7e-m\libsupc++.a(eh_catch.o)
 .ARM.exidx.text.__cxa_end_catch
                0x00018f24        0x8 r:/fehqt/proteus/gcc/bin/../lib/gcc/arm-none-eabi/4.6.2/../../../../arm-none-eabi/lib/armv7e-m\libsupc++.a(eh_catch.o)
 .ARM.exidx.text._ZNSt9exceptionD2Ev
                0x00018f2c        0x0 r:/fehqt/proteus/gcc/bin/../lib/gcc/arm-none-eabi/4.6.2/../../../../arm-none-eabi/lib/armv7e-m\libsupc++.a(eh_exception.o)
                                  0x8 (size before relaxing)
 .ARM.exidx.text._ZNSt13bad_exceptionD2Ev
                0x00018f2c        0x0 r:/fehqt/proteus/gcc/bin/../lib/gcc/arm-none-eabi/4.6.2/../../../../arm-none-eabi/lib/armv7e-m\libsupc++.a(eh_exception.o)
                                  0x8 (size before relaxing)
 .ARM.exidx.text._ZNKSt9exception4whatEv
                0x00018f2c        0x0 r:/fehqt/proteus/gcc/bin/../lib/gcc/arm-none-eabi/4.6.2/../../../../arm-none-eabi/lib/armv7e-m\libsupc++.a(eh_exception.o)
                                  0x8 (size before relaxing)
 .ARM.exidx.text._ZNKSt13bad_exception4whatEv
                0x00018f2c        0x0 r:/fehqt/proteus/gcc/bin/../lib/gcc/arm-none-eabi/4.6.2/../../../../arm-none-eabi/lib/armv7e-m\libsupc++.a(eh_exception.o)
                                  0x8 (size before relaxing)
 .ARM.exidx.text._ZNSt13bad_exceptionD0Ev
                0x00018f2c        0x0 r:/fehqt/proteus/gcc/bin/../lib/gcc/arm-none-eabi/4.6.2/../../../../arm-none-eabi/lib/armv7e-m\libsupc++.a(eh_exception.o)
                                  0x8 (size before relaxing)
 .ARM.exidx.text._ZNSt9exceptionD0Ev
                0x00018f2c        0x0 r:/fehqt/proteus/gcc/bin/../lib/gcc/arm-none-eabi/4.6.2/../../../../arm-none-eabi/lib/armv7e-m\libsupc++.a(eh_exception.o)
                                  0x8 (size before relaxing)
 .ARM.exidx.text.__cxa_get_globals_fast
                0x00018f2c        0x0 r:/fehqt/proteus/gcc/bin/../lib/gcc/arm-none-eabi/4.6.2/../../../../arm-none-eabi/lib/armv7e-m\libsupc++.a(eh_globals.o)
                                  0x8 (size before relaxing)
 .ARM.exidx.text.__cxa_get_globals
                0x00018f2c        0x0 r:/fehqt/proteus/gcc/bin/../lib/gcc/arm-none-eabi/4.6.2/../../../../arm-none-eabi/lib/armv7e-m\libsupc++.a(eh_globals.o)
                                  0x8 (size before relaxing)
 .ARM.exidx.text._ZL12read_sleb128PKhPl
                0x00018f2c        0x0 r:/fehqt/proteus/gcc/bin/../lib/gcc/arm-none-eabi/4.6.2/../../../../arm-none-eabi/lib/armv7e-m\libsupc++.a(eh_personality.o)
                                  0x8 (size before relaxing)
 .ARM.exidx.text._ZL28read_encoded_value_with_basehjPKhPj
                0x00018f2c        0x8 r:/fehqt/proteus/gcc/bin/../lib/gcc/arm-none-eabi/4.6.2/../../../../arm-none-eabi/lib/armv7e-m\libsupc++.a(eh_personality.o)
 .ARM.exidx.text._ZL21base_of_encoded_valuehP15_Unwind_Context
                0x00018f34        0x8 r:/fehqt/proteus/gcc/bin/../lib/gcc/arm-none-eabi/4.6.2/../../../../arm-none-eabi/lib/armv7e-m\libsupc++.a(eh_personality.o)
 .ARM.exidx.text._ZL17parse_lsda_headerP15_Unwind_ContextPKhP16lsda_header_info.constprop.1
                0x00018f3c        0x8 r:/fehqt/proteus/gcc/bin/../lib/gcc/arm-none-eabi/4.6.2/../../../../arm-none-eabi/lib/armv7e-m\libsupc++.a(eh_personality.o)
 .ARM.exidx.text.__gxx_personality_v0
                0x00018f44        0x8 r:/fehqt/proteus/gcc/bin/../lib/gcc/arm-none-eabi/4.6.2/../../../../arm-none-eabi/lib/armv7e-m\libsupc++.a(eh_personality.o)
 .ARM.exidx.text._ZN10__cxxabiv111__terminateEPFvvE
                0x00018f4c        0x8 r:/fehqt/proteus/gcc/bin/../lib/gcc/arm-none-eabi/4.6.2/../../../../arm-none-eabi/lib/armv7e-m\libsupc++.a(eh_terminate.o)
 .ARM.exidx.text._ZSt9terminatev
                0x00018f54        0x8 r:/fehqt/proteus/gcc/bin/../lib/gcc/arm-none-eabi/4.6.2/../../../../arm-none-eabi/lib/armv7e-m\libsupc++.a(eh_terminate.o)
 .ARM.exidx.text._ZN10__cxxabiv112__unexpectedEPFvvE
                0x00018f5c        0x8 r:/fehqt/proteus/gcc/bin/../lib/gcc/arm-none-eabi/4.6.2/../../../../arm-none-eabi/lib/armv7e-m\libsupc++.a(eh_terminate.o)
 .ARM.exidx.text._ZSt10unexpectedv
                0x00018f64        0x8 r:/fehqt/proteus/gcc/bin/../lib/gcc/arm-none-eabi/4.6.2/../../../../arm-none-eabi/lib/armv7e-m\libsupc++.a(eh_terminate.o)
 .ARM.exidx.text._ZL23__gxx_exception_cleanup19_Unwind_Reason_CodeP21_Unwind_Control_Block
                0x00018f6c        0x8 r:/fehqt/proteus/gcc/bin/../lib/gcc/arm-none-eabi/4.6.2/../../../../arm-none-eabi/lib/armv7e-m\libsupc++.a(eh_throw.o)
 .ARM.exidx.text.__cxa_throw
                0x00018f74        0x8 r:/fehqt/proteus/gcc/bin/../lib/gcc/arm-none-eabi/4.6.2/../../../../arm-none-eabi/lib/armv7e-m\libsupc++.a(eh_throw.o)
 .ARM.exidx.text.__cxa_rethrow
                0x00018f7c        0x8 r:/fehqt/proteus/gcc/bin/../lib/gcc/arm-none-eabi/4.6.2/../../../../arm-none-eabi/lib/armv7e-m\libsupc++.a(eh_throw.o)
 .ARM.exidx.text._ZN10__cxxabiv123__fundamental_type_infoD2Ev
                0x00018f84        0x0 r:/fehqt/proteus/gcc/bin/../lib/gcc/arm-none-eabi/4.6.2/../../../../arm-none-eabi/lib/armv7e-m\libsupc++.a(fundamental_type_info.o)
                                  0x8 (size before relaxing)
 .ARM.exidx.text._ZN10__cxxabiv123__fundamental_type_infoD0Ev
                0x00018f84        0x0 r:/fehqt/proteus/gcc/bin/../lib/gcc/arm-none-eabi/4.6.2/../../../../arm-none-eabi/lib/armv7e-m\libsupc++.a(fundamental_type_info.o)
                                  0x8 (size before relaxing)
 .ARM.exidx.text._ZNK10__cxxabiv119__pointer_type_info14__is_pointer_pEv
                0x00018f84        0x8 r:/fehqt/proteus/gcc/bin/../lib/gcc/arm-none-eabi/4.6.2/../../../../arm-none-eabi/lib/armv7e-m\libsupc++.a(pointer_type_info.o)
 .ARM.exidx.text._ZN10__cxxabiv119__pointer_type_infoD2Ev
                0x00018f8c        0x8 r:/fehqt/proteus/gcc/bin/../lib/gcc/arm-none-eabi/4.6.2/../../../../arm-none-eabi/lib/armv7e-m\libsupc++.a(pointer_type_info.o)
 .ARM.exidx.text._ZN10__cxxabiv119__pointer_type_infoD0Ev
                0x00018f94        0x0 r:/fehqt/proteus/gcc/bin/../lib/gcc/arm-none-eabi/4.6.2/../../../../arm-none-eabi/lib/armv7e-m\libsupc++.a(pointer_type_info.o)
                                  0x8 (size before relaxing)
 .ARM.exidx.text._ZNK10__cxxabiv119__pointer_type_info15__pointer_catchEPKNS_17__pbase_type_infoEPPvj
                0x00018f94        0x8 r:/fehqt/proteus/gcc/bin/../lib/gcc/arm-none-eabi/4.6.2/../../../../arm-none-eabi/lib/armv7e-m\libsupc++.a(pointer_type_info.o)
 .ARM.exidx.text._ZN10__cxxabiv120__si_class_type_infoD2Ev
                0x00018f9c        0x8 r:/fehqt/proteus/gcc/bin/../lib/gcc/arm-none-eabi/4.6.2/../../../../arm-none-eabi/lib/armv7e-m\libsupc++.a(si_class_type_info.o)
 .ARM.exidx.text._ZN10__cxxabiv120__si_class_type_infoD0Ev
                0x00018fa4        0x0 r:/fehqt/proteus/gcc/bin/../lib/gcc/arm-none-eabi/4.6.2/../../../../arm-none-eabi/lib/armv7e-m\libsupc++.a(si_class_type_info.o)
                                  0x8 (size before relaxing)
 .ARM.exidx.text._ZNK10__cxxabiv120__si_class_type_info11__do_upcastEPKNS_17__class_type_infoEPKvRNS1_15__upcast_resultE
                0x00018fa4        0x8 r:/fehqt/proteus/gcc/bin/../lib/gcc/arm-none-eabi/4.6.2/../../../../arm-none-eabi/lib/armv7e-m\libsupc++.a(si_class_type_info.o)
 .ARM.exidx.text._ZNK10__cxxabiv120__si_class_type_info12__do_dyncastEiNS_17__class_type_info10__sub_kindEPKS1_PKvS4_S6_RNS1_16__dyncast_resultE
                0x00018fac        0x8 r:/fehqt/proteus/gcc/bin/../lib/gcc/arm-none-eabi/4.6.2/../../../../arm-none-eabi/lib/armv7e-m\libsupc++.a(si_class_type_info.o)
 .ARM.exidx.text._ZNK10__cxxabiv120__si_class_type_info20__do_find_public_srcEiPKvPKNS_17__class_type_infoES2_
                0x00018fb4        0x8 r:/fehqt/proteus/gcc/bin/../lib/gcc/arm-none-eabi/4.6.2/../../../../arm-none-eabi/lib/armv7e-m\libsupc++.a(si_class_type_info.o)
 .ARM.exidx.text._ZNSt9type_infoD2Ev
                0x00018fbc        0x8 r:/fehqt/proteus/gcc/bin/../lib/gcc/arm-none-eabi/4.6.2/../../../../arm-none-eabi/lib/armv7e-m\libsupc++.a(tinfo.o)
 .ARM.exidx.text._ZNKSt9type_info14__is_pointer_pEv
                0x00018fc4        0x0 r:/fehqt/proteus/gcc/bin/../lib/gcc/arm-none-eabi/4.6.2/../../../../arm-none-eabi/lib/armv7e-m\libsupc++.a(tinfo.o)
                                  0x8 (size before relaxing)
 .ARM.exidx.text._ZNKSt9type_info15__is_function_pEv
                0x00018fc4        0x0 r:/fehqt/proteus/gcc/bin/../lib/gcc/arm-none-eabi/4.6.2/../../../../arm-none-eabi/lib/armv7e-m\libsupc++.a(tinfo.o)
                                  0x8 (size before relaxing)
 .ARM.exidx.text._ZNKSt9type_info11__do_upcastEPKN10__cxxabiv117__class_type_infoEPPv
                0x00018fc4        0x0 r:/fehqt/proteus/gcc/bin/../lib/gcc/arm-none-eabi/4.6.2/../../../../arm-none-eabi/lib/armv7e-m\libsupc++.a(tinfo.o)
                                  0x8 (size before relaxing)
 .ARM.exidx.text._ZNSt9type_infoD0Ev
                0x00018fc4        0x0 r:/fehqt/proteus/gcc/bin/../lib/gcc/arm-none-eabi/4.6.2/../../../../arm-none-eabi/lib/armv7e-m\libsupc++.a(tinfo.o)
                                  0x8 (size before relaxing)
 .ARM.exidx.text._ZNKSt9type_infoeqERKS_
                0x00018fc4        0x0 r:/fehqt/proteus/gcc/bin/../lib/gcc/arm-none-eabi/4.6.2/../../../../arm-none-eabi/lib/armv7e-m\libsupc++.a(tinfo.o)
                                  0x8 (size before relaxing)
 .ARM.exidx.text._ZNKSt9type_info10__do_catchEPKS_PPvj
                0x00018fc4        0x0 r:/fehqt/proteus/gcc/bin/../lib/gcc/arm-none-eabi/4.6.2/../../../../arm-none-eabi/lib/armv7e-m\libsupc++.a(tinfo.o)
                                  0x8 (size before relaxing)
 .ARM.exidx.text._ZNKSt10bad_typeid4whatEv
                0x00018fc4        0x0 r:/fehqt/proteus/gcc/bin/../lib/gcc/arm-none-eabi/4.6.2/../../../../arm-none-eabi/lib/armv7e-m\libsupc++.a(bad_typeid.o)
                                  0x8 (size before relaxing)
 .ARM.exidx.text._ZNSt10bad_typeidD2Ev
                0x00018fc4        0x0 r:/fehqt/proteus/gcc/bin/../lib/gcc/arm-none-eabi/4.6.2/../../../../arm-none-eabi/lib/armv7e-m\libsupc++.a(bad_typeid.o)
                                  0x8 (size before relaxing)
 .ARM.exidx.text._ZNSt10bad_typeidD0Ev
                0x00018fc4        0x0 r:/fehqt/proteus/gcc/bin/../lib/gcc/arm-none-eabi/4.6.2/../../../../arm-none-eabi/lib/armv7e-m\libsupc++.a(bad_typeid.o)
                                  0x8 (size before relaxing)
 .ARM.exidx.text._ZNK10__cxxabiv117__pbase_type_info15__pointer_catchEPKS0_PPvj
                0x00018fc4        0x8 r:/fehqt/proteus/gcc/bin/../lib/gcc/arm-none-eabi/4.6.2/../../../../arm-none-eabi/lib/armv7e-m\libsupc++.a(pbase_type_info.o)
 .ARM.exidx.text._ZN10__cxxabiv117__pbase_type_infoD2Ev
                0x00018fcc        0x0 r:/fehqt/proteus/gcc/bin/../lib/gcc/arm-none-eabi/4.6.2/../../../../arm-none-eabi/lib/armv7e-m\libsupc++.a(pbase_type_info.o)
                                  0x8 (size before relaxing)
 .ARM.exidx.text._ZN10__cxxabiv117__pbase_type_infoD0Ev
                0x00018fcc        0x0 r:/fehqt/proteus/gcc/bin/../lib/gcc/arm-none-eabi/4.6.2/../../../../arm-none-eabi/lib/armv7e-m\libsupc++.a(pbase_type_info.o)
                                  0x8 (size before relaxing)
 .ARM.exidx.text._ZNK10__cxxabiv117__pbase_type_info10__do_catchEPKSt9type_infoPPvj
                0x00018fcc       0x10 r:/fehqt/proteus/gcc/bin/../lib/gcc/arm-none-eabi/4.6.2/../../../../arm-none-eabi/lib/armv7e-m\libsupc++.a(pbase_type_info.o)
                                  0x8 (size before relaxing)
 .ARM.exidx     0x00018dec       0x88 r:/fehqt/proteus/gcc/bin/../lib/gcc/arm-none-eabi/4.6.2/armv7e-m\libgcc.a(unwind-arm.o)
                                 0xc0 (size before relaxing)
 .ARM.exidx     0x00018e74       0x38 r:/fehqt/proteus/gcc/bin/../lib/gcc/arm-none-eabi/4.6.2/armv7e-m\libgcc.a(pr-support.o)
                                 0x48 (size before relaxing)
                0x00018fdc                __exidx_end = .

.ctors          0x00018fdc        0x0
                0x00018fdc                __CTOR_LIST__ = .
 *crtbegin.o(.ctors)
 *(EXCLUDE_FILE(*crtend.o) .ctors)
 *(SORT(.ctors.*))
 *(.ctors)
                0x00018fdc                __CTOR_END__ = .

.dtors          0x00018fdc        0x0
                0x00018fdc                __DTOR_LIST__ = .
 *crtbegin.o(.dtors)
 *(EXCLUDE_FILE(*crtend.o) .dtors)
 *(SORT(.dtors.*))
 *(.dtors)
                0x00018fdc                __DTOR_END__ = .

.preinit_array  0x00018fdc        0x0
                0x00018fdc                PROVIDE (__preinit_array_start, .)
 *(.preinit_array*)
                0x00018fdc                PROVIDE (__preinit_array_end, .)

.init_array     0x00018fdc       0x18
                0x00018fdc                PROVIDE (__init_array_start, .)
 *(SORT(.init_array.*))
 *(.init_array*)
 .init_array    0x00018fdc        0x4 ..\constants.o
 .init_array    0x00018fe0        0x4 FEHProteus.o
 .init_array    0x00018fe4        0x4 Libraries\FEHBuzzer.o
 .init_array    0x00018fe8        0x4 Libraries\FEHLCD.o
 .init_array    0x00018fec        0x4 Libraries\FEHBattery.o
 .init_array    0x00018ff0        0x4 Libraries\FEHWONKA.o
                0x00018ff4                PROVIDE (__init_array_end, .)

.fini_array     0x00018ff4        0x0
                0x00018ff4                PROVIDE (__fini_array_start, .)
 *(SORT(.fini_array.*))
 *(.fini_array*)
                0x00018ff4                PROVIDE (__fini_array_end, .)
                0x00018ff4                ___ROM_AT = .

.data           0x1fff0400     0x3238 load address 0x00018ff4
                0x1fff0400                . = ALIGN (0x4)
                0x1fff0400                _sdata = .
 *(.data)
 *(.data*)
 .data.countsPerDegreeLeft
                0x1fff0400        0x4 ..\constants.o
                0x1fff0400                countsPerDegreeLeft
 .data.countsPerDegreeRight
                0x1fff0404        0x4 ..\constants.o
                0x1fff0404                countsPerDegreeRight
 .data.skidX    0x1fff0408        0x4 ..\constants.o
                0x1fff0408                skidX
 .data.rampX    0x1fff040c        0x4 ..\constants.o
                0x1fff040c                rampX
 .data.image    0x1fff0410     0x303c Libraries\FEHLCD.o
                0x1fff0410                image
 .data._ZN6FEHLCD8fontDataE
                0x1fff344c      0x1e0 Libraries\FEHLCD.o
                0x1fff344c                FEHLCD::fontData
 .data._ZN10__cxxabiv120__unexpected_handlerE